Microchip MPLAB XC8 Compiler V2.41

Linker command line:

-W-3 \
  --edf=C:\Program Files\Microchip\xc8\v2.41\pic\dat\20230208172133_en.msgs \
  -cn -h+dist/default/production\PIC18F47J53.X.production.sym \
  --cmf=dist/default/production\PIC18F47J53.X.production.cmf -z -Q18F47J53 \
  -oC:\Users\nosak\AppData\Local\Temp\xcAsup8.\driver_tmp_3.o \
  --defsym=__MPLAB_BUILD=1 --fixupoverflow=error \
  -Mdist/default/production/PIC18F47J53.X.production.map \
  --md=C:\Users\nosak\AppData\Local\Temp\xcAsup8.\driver_tmp_0.dat -E1 \
  -ver=XC8 Compiler --acfsm=1493 -AHEAP=0DB3h-0EAFh -pheap=HEAP \
  -ACODE=00h-01FFF7h -ACONST=00h-01FFF7h \
  -ASMALLCONST=01000h-010FFhx495,01FF00h-01FFF7h \
  -AMEDIUMCONST=01000h-0FFFFh,011000h-01FFF7h -ACOMRAM=01h-05Fh \
  -AABS1=00h-0EAFh -ABIGRAM=01h-0EAFh \
  -ARAM=060h-0FFh,0100h-01FFhx13,0E00h-0EAFh -ABANK0=060h-0FFh \
  -ABANK1=0100h-01FFh -ABANK2=0200h-02FFh -ABANK3=0300h-03FFh \
  -ABANK4=0400h-04FFh -ABANK5=0500h-05FFh -ABANK6=0600h-06FFh \
  -ABANK7=0700h-07FFh -ABANK8=0800h-08FFh -ABANK9=0900h-09FFh \
  -ABANK10=0A00h-0AFFh -ABANK11=0B00h-0BFFh -ABANK12=0C00h-0CFFh \
  -ABANK13=0D00h-0DFFh -ABANK14=0E00h-0EAFh \
  -ASFR=0EB0h-0EFFh,0F00h-0F5Fh,0F60h-0FFFh -ABIGSFR=0EB0h-0FFFh \
  -ACONFIG=01FFF8h-01FFFFh \
  -preset_vec=00h,intcode=08h,intcodelo=018h,powerup,init -pramtop=01000h \
  -psmallconst=SMALLCONST -pmediumconst=MEDIUMCONST -pconst=CONST \
  -AFARRAM=00h-00h -pjflash_buffer=01F800h \
  -prdata=COMRAM,nvrram=COMRAM,nvbit=COMRAM,rbss=COMRAM,rbit=COMRAM \
  -pfarbss=FARRAM,fardata=FARRAM,nvFARRAM=FARRAM \
  -pintsave_regs=BIGRAM,bigbss=BIGRAM,bigdata=BIGRAM -pbss=RAM \
  -pidata=CODE,irdata=CODE,ibigdata=CODE,ifardata=CODE -prparam=COMRAM \
  C:\Users\nosak\AppData\Local\Temp\xcAsup8.\driver_tmp_14.o \
  dist/default/production\PIC18F47J53.X.production.o 

Object code version is 3.11

Machine type is 18F47J53



                Name                               Link     Load   Length Selector   Space Scale
C:\Users\nosak\AppData\Local\Temp\xcAsup8.\driver_tmp_14.o
                heap                                DB3      DB3       FD      DB3       7
                config                            1FFF8    1FFF8        8        0       4
                init                                 26       26        4        C       0
                reset_vec                             0        0        4        0       0
dist/default/production\PIC18F47J53.X.production.o
                intcodelo                            18       18        E        C       0
                intcode                               8        8        6        4       0
                config                            1FFF8    1FFF8        8        0       4
                temp                                 41       41        1        1       1
                mediumconst                        D876     D876     278A     6C3B       0
                text222                            4256     4256        2     2127       0
                text221                            3136     3136       6E      657       0
                text220                            3D58     3D58       3C      657       0
                text219                            3E98     3E98       2E      657       0
                text218                            3FBC     3FBC       26     1FDE       0
                text217                            4216     4216        A     1FDE       0
                text216                            4244     4244        6     1FDE       0
                text215                            423E     423E        6     1FDE       0
                text214                           1C18A    1C18A      2C8     8000       0
                text213                            3F6C     3F6C       28      657       0
                text212                            4254     4254        2     2127       0
                text211                            3058     3058       70      657       0
                intcode_body                        3AE      3AE      10A        C       0
                text208                            4140     4140       1A     1FDE       0
                text207                            4126     4126       1A     1FDE       0
                text206                            4238     4238        6     1FDE       0
                text205                            4232     4232        6     1FDE       0
                text204                            3CA2     3CA2       3E      657       0
                text203                            41B4     41B4       16     1FDE       0
                text202                            1230     1230       E2      657       0
                text201                            4252     4252        2     2127       0
                text200                            1D9E     1D9E       C6      657       0
                text199                            214C     214C       B2      657       0
                text198                            3BE4     3BE4       42      657       0
                text197                            419E     419E       16     1FDE       0
                text196                            19B0     19B0       CC      657       0
                text195                            3B18     3B18       46      657       0
                text194                            21FE     21FE       AE      657       0
                text193                           1E0B0    1E0B0      1D2     8000       0
                text192                           19B8E    19B8E      39C     8000       0
                text191                            2358     2358       AC      657       0
                text190                             6C8      6C8      106        C       0
                text189                           18860    18860      42C     8000       0
                text188                            3DCE     3DCE       38      657       0
                text187                           17AA2    17AA2      4C2     8000       0
                text186                            39FE     39FE       48      657       0
                text185                             5C0      5C0      108        C       0
                text184                             8CE      8CE      100        C       0
                text183                           1D504    1D504      216     8000       0
                text182                            327A     327A       68      657       0
                text181                            37DA     37DA       52      657       0
                text180                            340E     340E       60      657       0
                text179                           12684    12684      A6C     8000       0
                text178                            3F44     3F44       28      657       0
                text177                            173E     173E       D2      657       0
                text176                            387C     387C       50      657       0
                text175                           1E986    1E986      19E     8000       0
                text174                             9CE      9CE       F8        C       0
                text173                            2E8E     2E8E       76      657       0
                text172                            32E2     32E2       66      657       0
                text171                              2A       2A      130        C       0
                text170                           1F402    1F402      15C     8000       0
                text169                           16B10    16B10      566     8000       0
                text168                            36DE     36DE       56      657       0
                text167                            3F1C     3F1C       28      657       0
                text166                            382C     382C       50      657       0
                text165                           1DECE    1DECE      1E2     8000       0
                text164                            3D1C     3D1C       3C      657       0
                text163                            2C24     2C24       84      657       0
                text162                           1FF92    1FF92       66     8000       0
                text161                            420C     420C        A     1FDE       0
                text160                            422C     422C        6     1FDE       0
                text159                            4226     4226        6     1FDE       0
                text158                           1BEB8    1BEB8      2D2     8000       0
                text157                            4220     4220        6     1FDE       0
                text156                            30C8     30C8       6E      657       0
                text155                            2CA8     2CA8       7C      657       0
                text154                            209A     209A       B2      657       0
                text153                           1E7D6    1E7D6      1B0     8000       0
                text152                           1FBDA    1FBDA      142     8000       0
                text151                           1FA98    1FA98      142     8000       0
                text150                           1DB04    1DB04      1E6     8000       0
                text149                           16594    16594      57C     8000       0
                text148                           18410    18410      450     8000       0
                text147                            33AC     33AC       62      657       0
                text146                            4026     4026       20     1FDE       0
                text145                            415A     415A       18     1FDE       0
                text144                            4046     4046       1E     1FDE       0
                text143                           175B2    175B2      4F0     8000       0
                text142                            18E0     18E0       D0      657       0
                text141                           1AC8E    1AC8E      324     8000       0
                text140                            40F0     40F0       1C     1FDE       0
                text139                            3C64     3C64       3E      657       0
                text138                             E8E      E8E       EE      657       0
                text137                            3686     3686       58      657       0
                text136                            2FE8     2FE8       70      657       0
                text135                            362E     362E       58      657       0
                text134                            24AE     24AE       A6      657       0
                text133                            166C     166C       D2      657       0
                text132                            3524     3524       5A      657       0
                text131                           1C452    1C452      2A6     8000       0
                text130                            391A     391A       4E      657       0
                text129                            35D6     35D6       58      657       0
                text128                            1B46     1B46       CA      657       0
                text127                           1F6AE    1F6AE      150     8000       0
                text126                            41FC     41FC       10     1FDE       0
                text125                            25F2     25F2       9E      657       0
                text124                            4250     4250        2     2127       0
                text123                            3BA2     3BA2       42      657       0
                text122                            31A4     31A4       6C      657       0
                text121                            2A90     2A90       88      657       0
                text120                            1810     1810       D0      657       0
                text119                            346E     346E       5C      657       0
                text118                           1B5E4    1B5E4      302     8000       0
                text117                           1AFB2    1AFB2      320     8000       0
                text116                            40D4     40D4       1C     1FDE       0
                text115                            1068     1068       E6      657       0
                text114                            40B8     40B8       1C     1FDE       0
                text113                            2860     2860       92      657       0
                text112                             AC6      AC6       F4        C       0
                text111                           1B2D2    1B2D2      312     8000       0
                text110                            38CC     38CC       4E      657       0
                text109                            2404     2404       AA      657       0
                text108                            3AD2     3AD2       46      657       0
                text107                            357E     357E       58      657       0
                text106                           1CE8A    1CE8A      23C     8000       0
                text105                           1D0C6    1D0C6      226     8000       0
                text104                            3734     3734       54      657       0
                text103                           15FC2    15FC2      5D2     8000       0
                text102                            39B4     39B4       4A      657       0
                text101                           1C6F8    1C6F8      292     8000       0
                text100                            4188     4188       16     1FDE       0
                text99                             3CE0     3CE0       3C      657       0
                text98                             22AC     22AC       AC      657       0
                text97                             3348     3348       64      657       0
                text96                             2D9E     2D9E       7A      657       0
                text95                             159A     159A       D2      657       0
                text94                             410C     410C       1A     1FDE       0
                text93                            19078    19078      3CC     8000       0
                text92                             4004     4004       22     1FDE       0
                text91                             3EC6     3EC6       2C      657       0
                text90                            19F2A    19F2A      374     8000       0
                text89                             2E18     2E18       76      657       0
                text88                            11C18    11C18      A6C     8000       0
                text87                            1F7FE    1F7FE      14E     8000       0
                text86                             424E     424E        2     2127       0
                text85                             1E64     1E64       C4      657       0
                text84                             2A08     2A08       88      657       0
                text83                             14C4     14C4       D6      657       0
                text82                             41EC     41EC       10     1FDE       0
                text81                             272C     272C       9C      657       0
                text80                             27C8     27C8       98      657       0
                text79                            1EFDE    1EFDE      16C     8000       0
                text78                            1F94C    1F94C      14C     8000       0
                text77                            1F55E    1F55E      150     8000       0
                text76                             13EE     13EE       D6      657       0
                text75                             3968     3968       4C      657       0
                text74                             297E     297E       8A      657       0
                text73                             1CD8     1CD8       C6      657       0
                text72                            1D914    1D914      1F0     8000       0
                text71                             2B9E     2B9E       86      657       0
                text70                             3E38     3E38       32      657       0
                text69                             2D24     2D24       7A      657       0
                text68                             3C26     3C26       3E      657       0
                text67                             2B18     2B18       86      657       0
                text66                             3E06     3E06       32      657       0
                text65                            1D2EC    1D2EC      218     8000       0
                text64                            1ECB8    1ECB8      194     8000       0
                text63                            18C8C    18C8C      3EC     8000       0
                text62                              DA0      DA0       EE      657       0
                text61                             3FE2     3FE2       22     1FDE       0
                text60                              F7C      F7C       EC      657       0
                text59                             2F76     2F76       72      657       0
                text58                            1FE5C    1FE5C      136     8000       0
                text57                            10000    10000      ED0     8000       0
                text56                            1529E    1529E      6E6     8000       0
                text55                            17076    17076      53C     8000       0
                text54                             2554     2554       9E      657       0
                text53                            17F64    17F64      4AC     8000       0
                text52                            1D71A    1D71A      1FA     8000       0
                text51                            1BBD8    1BBD8      2E0     8000       0
                text50                             2690     2690       9C      657       0
                text49                             28F2     28F2       8C      657       0
                text48                            1FD1C    1FD1C      140     8000       0
                text47                              286      286      128        C       0
                text46                            13B06    13B06      930     8000       0
                text45                             3A8C     3A8C       46      657       0
                text44                             1C10     1C10       C8      657       0
                text43                            1A29E    1A29E      370     8000       0
                text42                            197F2    197F2      39C     8000       0
                text41                             3A46     3A46       46      657       0
                text40                             41CA     41CA       12     1FDE       0
                text39                            14B7A    14B7A      724     8000       0
                text38                             409C     409C       1C     1FDE       0
                text37                             3210     3210       6A      657       0
                text36                            1A60E    1A60E      348     8000       0
                text35                            1DCEA    1DCEA      1E4     8000       0
                text34                             3D94     3D94       3A      657       0
                text33                              4B8      4B8      108        C       0
                text32                            10ED0    10ED0      D48     8000       0
                text31                            1C98A    1C98A      288     8000       0
                text30                            15984    15984      63E     8000       0
                text29                              CAE      CAE       F2      657       0
                text28                             1312     1312       DC      657       0
                text27                            1F2A6    1F2A6      15C     8000       0
                text26                             1A7C     1A7C       CA      657       0
                text25                            1E61E    1E61E      1B8     8000       0
                text24                            1F14A    1F14A      15C     8000       0
                text23                             1FE8     1FE8       B2      657       0
                text22                            1CC12    1CC12      278     8000       0
                text21                            1EB24    1EB24      194     8000       0
                text20                              7CE      7CE      100        C       0
                text19                             4172     4172       16     1FDE       0
                text18                             3B5E     3B5E       44      657       0
                text17                            130F0    130F0      A16     8000       0
                text16                             1F28     1F28       C0      657       0
                text15                            1EE4C    1EE4C      192     8000       0
                text14                             4080     4080       1C     1FDE       0
                text13                            1B8E6    1B8E6      2F2     8000       0
                text12                            1A956    1A956      338     8000       0
                text11                             2F04     2F04       72      657       0
                text10                            14436    14436      744     8000       0
                text9                             1E282    1E282      1D0     8000       0
                text8                              3E6A     3E6A       2E      657       0
                text7                             1E452    1E452      1CC     8000       0
                text6                             19444    19444      3AE     8000       0
                text5                              4064     4064       1C     1FDE       0
                text4                              3EF2     3EF2       2A      657       0
                text3                              3788     3788       52      657       0
                text2                              34CA     34CA       5A      657       0
                text1                              41DC     41DC       10     1FDE       0
                text0                               15A      15A      12C        C       0
                cstackCOMRAM                          1        1       22        1       1
                cstackBANK0                          60       60       A0       60       1
                cstackBANK1                         100      100       FF      100       1
                cstackBANK2                         200      200       F6      200       1
                cstackBANK3                         300      300       DB      300       1
                cstackBANK4                         483      483       39      400       1
                cstackBANK7                         780      780       78      700       1
                bssBIGRAM                           A00      A00      3B3      A00       1
                bssBANK9                            900      900      100      900       1
                dataBANK8                           800      800       F3      800       1
                bssBANK7                            700      700       80      700       1
                bssBANK6                            600      600       F2      600       1
                dataBANK5                           5BB      5BB       27      500       1
                bssBANK5                            500      500       BB      500       1
                bssBANK4                            400      400       83      400       1
                bssBANK3                            3DB      3DB        2      300       1
                bssBANK2                            2F6      2F6        A      200       1
                bssBANK1                            1FF      1FF        1      100       1
                dataCOMRAM                           3E       3E        3        1       1
                bssCOMRAM                            23       23       1B        1       1
                cinit                              114E     114E       E2      657       0
                idataBANK8                          BBA      BBA       F3        C       0
                idataBANK5                         3F94     3F94       27      657       0
                idataCOMRAM                        424A     424A        3     1FDE       0

TOTAL           Name                               Link     Load   Length     Space
        CLASS   HEAP           
                heap                                DB3      DB3       FD         7

        CLASS   CODE           
                intcodelo                            18       18        E         0
                intcode                               8        8        6         0
                init                                 26       26        4         0
                reset_vec                             0        0        4         0
                text222                            4256     4256        2         0
                text221                            3136     3136       6E         0
                text220                            3D58     3D58       3C         0
                text219                            3E98     3E98       2E         0
                text218                            3FBC     3FBC       26         0
                text217                            4216     4216        A         0
                text216                            4244     4244        6         0
                text215                            423E     423E        6         0
                text214                           1C18A    1C18A      2C8         0
                text213                            3F6C     3F6C       28         0
                text212                            4254     4254        2         0
                text211                            3058     3058       70         0
                intcode_body                        3AE      3AE      10A         0
                text208                            4140     4140       1A         0
                text207                            4126     4126       1A         0
                text206                            4238     4238        6         0
                text205                            4232     4232        6         0
                text204                            3CA2     3CA2       3E         0
                text203                            41B4     41B4       16         0
                text202                            1230     1230       E2         0
                text201                            4252     4252        2         0
                text200                            1D9E     1D9E       C6         0
                text199                            214C     214C       B2         0
                text198                            3BE4     3BE4       42         0
                text197                            419E     419E       16         0
                text196                            19B0     19B0       CC         0
                text195                            3B18     3B18       46         0
                text194                            21FE     21FE       AE         0
                text193                           1E0B0    1E0B0      1D2         0
                text192                           19B8E    19B8E      39C         0
                text191                            2358     2358       AC         0
                text190                             6C8      6C8      106         0
                text189                           18860    18860      42C         0
                text188                            3DCE     3DCE       38         0
                text187                           17AA2    17AA2      4C2         0
                text186                            39FE     39FE       48         0
                text185                             5C0      5C0      108         0
                text184                             8CE      8CE      100         0
                text183                           1D504    1D504      216         0
                text182                            327A     327A       68         0
                text181                            37DA     37DA       52         0
                text180                            340E     340E       60         0
                text179                           12684    12684      A6C         0
                text178                            3F44     3F44       28         0
                text177                            173E     173E       D2         0
                text176                            387C     387C       50         0
                text175                           1E986    1E986      19E         0
                text174                             9CE      9CE       F8         0
                text173                            2E8E     2E8E       76         0
                text172                            32E2     32E2       66         0
                text171                              2A       2A      130         0
                text170                           1F402    1F402      15C         0
                text169                           16B10    16B10      566         0
                text168                            36DE     36DE       56         0
                text167                            3F1C     3F1C       28         0
                text166                            382C     382C       50         0
                text165                           1DECE    1DECE      1E2         0
                text164                            3D1C     3D1C       3C         0
                text163                            2C24     2C24       84         0
                text162                           1FF92    1FF92       66         0
                text161                            420C     420C        A         0
                text160                            422C     422C        6         0
                text159                            4226     4226        6         0
                text158                           1BEB8    1BEB8      2D2         0
                text157                            4220     4220        6         0
                text156                            30C8     30C8       6E         0
                text155                            2CA8     2CA8       7C         0
                text154                            209A     209A       B2         0
                text153                           1E7D6    1E7D6      1B0         0
                text152                           1FBDA    1FBDA      142         0
                text151                           1FA98    1FA98      142         0
                text150                           1DB04    1DB04      1E6         0
                text149                           16594    16594      57C         0
                text148                           18410    18410      450         0
                text147                            33AC     33AC       62         0
                text146                            4026     4026       20         0
                text145                            415A     415A       18         0
                text144                            4046     4046       1E         0
                text143                           175B2    175B2      4F0         0
                text142                            18E0     18E0       D0         0
                text141                           1AC8E    1AC8E      324         0
                text140                            40F0     40F0       1C         0
                text139                            3C64     3C64       3E         0
                text138                             E8E      E8E       EE         0
                text137                            3686     3686       58         0
                text136                            2FE8     2FE8       70         0
                text135                            362E     362E       58         0
                text134                            24AE     24AE       A6         0
                text133                            166C     166C       D2         0
                text132                            3524     3524       5A         0
                text131                           1C452    1C452      2A6         0
                text130                            391A     391A       4E         0
                text129                            35D6     35D6       58         0
                text128                            1B46     1B46       CA         0
                text127                           1F6AE    1F6AE      150         0
                text126                            41FC     41FC       10         0
                text125                            25F2     25F2       9E         0
                text124                            4250     4250        2         0
                text123                            3BA2     3BA2       42         0
                text122                            31A4     31A4       6C         0
                text121                            2A90     2A90       88         0
                text120                            1810     1810       D0         0
                text119                            346E     346E       5C         0
                text118                           1B5E4    1B5E4      302         0
                text117                           1AFB2    1AFB2      320         0
                text116                            40D4     40D4       1C         0
                text115                            1068     1068       E6         0
                text114                            40B8     40B8       1C         0
                text113                            2860     2860       92         0
                text112                             AC6      AC6       F4         0
                text111                           1B2D2    1B2D2      312         0
                text110                            38CC     38CC       4E         0
                text109                            2404     2404       AA         0
                text108                            3AD2     3AD2       46         0
                text107                            357E     357E       58         0
                text106                           1CE8A    1CE8A      23C         0
                text105                           1D0C6    1D0C6      226         0
                text104                            3734     3734       54         0
                text103                           15FC2    15FC2      5D2         0
                text102                            39B4     39B4       4A         0
                text101                           1C6F8    1C6F8      292         0
                text100                            4188     4188       16         0
                text99                             3CE0     3CE0       3C         0
                text98                             22AC     22AC       AC         0
                text97                             3348     3348       64         0
                text96                             2D9E     2D9E       7A         0
                text95                             159A     159A       D2         0
                text94                             410C     410C       1A         0
                text93                            19078    19078      3CC         0
                text92                             4004     4004       22         0
                text91                             3EC6     3EC6       2C         0
                text90                            19F2A    19F2A      374         0
                text89                             2E18     2E18       76         0
                text88                            11C18    11C18      A6C         0
                text87                            1F7FE    1F7FE      14E         0
                text86                             424E     424E        2         0
                text85                             1E64     1E64       C4         0
                text84                             2A08     2A08       88         0
                text83                             14C4     14C4       D6         0
                text82                             41EC     41EC       10         0
                text81                             272C     272C       9C         0
                text80                             27C8     27C8       98         0
                text79                            1EFDE    1EFDE      16C         0
                text78                            1F94C    1F94C      14C         0
                text77                            1F55E    1F55E      150         0
                text76                             13EE     13EE       D6         0
                text75                             3968     3968       4C         0
                text74                             297E     297E       8A         0
                text73                             1CD8     1CD8       C6         0
                text72                            1D914    1D914      1F0         0
                text71                             2B9E     2B9E       86         0
                text70                             3E38     3E38       32         0
                text69                             2D24     2D24       7A         0
                text68                             3C26     3C26       3E         0
                text67                             2B18     2B18       86         0
                text66                             3E06     3E06       32         0
                text65                            1D2EC    1D2EC      218         0
                text64                            1ECB8    1ECB8      194         0
                text63                            18C8C    18C8C      3EC         0
                text62                              DA0      DA0       EE         0
                text61                             3FE2     3FE2       22         0
                text60                              F7C      F7C       EC         0
                text59                             2F76     2F76       72         0
                text58                            1FE5C    1FE5C      136         0
                text57                            10000    10000      ED0         0
                text56                            1529E    1529E      6E6         0
                text55                            17076    17076      53C         0
                text54                             2554     2554       9E         0
                text53                            17F64    17F64      4AC         0
                text52                            1D71A    1D71A      1FA         0
                text51                            1BBD8    1BBD8      2E0         0
                text50                             2690     2690       9C         0
                text49                             28F2     28F2       8C         0
                text48                            1FD1C    1FD1C      140         0
                text47                              286      286      128         0
                text46                            13B06    13B06      930         0
                text45                             3A8C     3A8C       46         0
                text44                             1C10     1C10       C8         0
                text43                            1A29E    1A29E      370         0
                text42                            197F2    197F2      39C         0
                text41                             3A46     3A46       46         0
                text40                             41CA     41CA       12         0
                text39                            14B7A    14B7A      724         0
                text38                             409C     409C       1C         0
                text37                             3210     3210       6A         0
                text36                            1A60E    1A60E      348         0
                text35                            1DCEA    1DCEA      1E4         0
                text34                             3D94     3D94       3A         0
                text33                              4B8      4B8      108         0
                text32                            10ED0    10ED0      D48         0
                text31                            1C98A    1C98A      288         0
                text30                            15984    15984      63E         0
                text29                              CAE      CAE       F2         0
                text28                             1312     1312       DC         0
                text27                            1F2A6    1F2A6      15C         0
                text26                             1A7C     1A7C       CA         0
                text25                            1E61E    1E61E      1B8         0
                text24                            1F14A    1F14A      15C         0
                text23                             1FE8     1FE8       B2         0
                text22                            1CC12    1CC12      278         0
                text21                            1EB24    1EB24      194         0
                text20                              7CE      7CE      100         0
                text19                             4172     4172       16         0
                text18                             3B5E     3B5E       44         0
                text17                            130F0    130F0      A16         0
                text16                             1F28     1F28       C0         0
                text15                            1EE4C    1EE4C      192         0
                text14                             4080     4080       1C         0
                text13                            1B8E6    1B8E6      2F2         0
                text12                            1A956    1A956      338         0
                text11                             2F04     2F04       72         0
                text10                            14436    14436      744         0
                text9                             1E282    1E282      1D0         0
                text8                              3E6A     3E6A       2E         0
                text7                             1E452    1E452      1CC         0
                text6                             19444    19444      3AE         0
                text5                              4064     4064       1C         0
                text4                              3EF2     3EF2       2A         0
                text3                              3788     3788       52         0
                text2                              34CA     34CA       5A         0
                text1                              41DC     41DC       10         0
                text0                               15A      15A      12C         0
                cinit                              114E     114E       E2         0
                idataBANK8                          BBA      BBA       F3         0
                idataBANK5                         3F94     3F94       27         0
                idataCOMRAM                        424A     424A        3         0

        CLASS   CONST          

        CLASS   SMALLCONST     

        CLASS   MEDIUMCONST    
                mediumconst                        D876     D876     278A         0

        CLASS   COMRAM         
                temp                                 41       41        1         1
                cstackCOMRAM                          1        1       22         1
                dataCOMRAM                           3E       3E        3         1
                bssCOMRAM                            23       23       1B         1

        CLASS   ABS1           

        CLASS   BIGRAM         
                bssBIGRAM                           A00      A00      3B3         1

        CLASS   RAM            

        CLASS   BANK0          
                cstackBANK0                          60       60       A0         1

        CLASS   BANK1          
                cstackBANK1                         100      100       FF         1
                bssBANK1                            1FF      1FF        1         1

        CLASS   BANK2          
                cstackBANK2                         200      200       F6         1
                bssBANK2                            2F6      2F6        A         1

        CLASS   BANK3          
                cstackBANK3                         300      300       DB         1
                bssBANK3                            3DB      3DB        2         1

        CLASS   BANK4          
                cstackBANK4                         483      483       39         1
                bssBANK4                            400      400       83         1

        CLASS   BANK5          
                dataBANK5                           5BB      5BB       27         1
                bssBANK5                            500      500       BB         1

        CLASS   BANK6          
                bssBANK6                            600      600       F2         1

        CLASS   BANK7          
                cstackBANK7                         780      780       78         1
                bssBANK7                            700      700       80         1

        CLASS   BANK8          
                dataBANK8                           800      800       F3         1

        CLASS   BANK9          
                bssBANK9                            900      900      100         1

        CLASS   BANK10         

        CLASS   BANK11         

        CLASS   BANK12         

        CLASS   BANK13         

        CLASS   BANK14         

        CLASS   SFR            

        CLASS   BIGSFR         

        CLASS   CONFIG         
                config                            1FFF8    1FFF8        8         4

        CLASS   FARRAM         

        CLASS   STACK          

        CLASS   IDLOC          



SEGMENTS        Name                           Load    Length   Top    Selector   Space  Class

                reset_vec                      000000  000004  000004         0       0  CODE    
                cstackCOMRAM                   000001  000041  000042         1       1  COMRAM  
                intcode                        000008  000006  00000E         4       0  CODE    
                intcodelo                      000018  000C95  000CAD         C       0  CODE    
                cstackBANK0                    000060  0000A0  000100        60       1  BANK0   
                cstackBANK1                    000100  000100  000200       100       1  BANK1   
                cstackBANK2                    000200  000100  000300       200       1  BANK2   
                cstackBANK3                    000300  0000DD  0003DD       300       1  BANK3   
                bssBANK4                       000400  0000BC  0004BC       400       1  BANK4   
                bssBANK5                       000500  0000E2  0005E2       500       1  BANK5   
                bssBANK6                       000600  0000F2  0006F2       600       1  BANK6   
                bssBANK7                       000700  0000F8  0007F8       700       1  BANK7   
                dataBANK8                      000800  0000F3  0008F3       800       1  BANK8   
                bssBANK9                       000900  000100  000A00       900       1  BANK9   
                bssBIGRAM                      000A00  0003B3  000DB3       A00       1  BIGRAM  
                text29                         000CAE  00330D  003FBB       657       0  CODE    
                heap                           000DB3  0000FD  000EB0       DB3       7  HEAP    
                text218                        003FBC  000291  00424D      1FDE       0  CODE    
                text86                         00424E  00000A  004258      2127       0  CODE    
                mediumconst                    00D876  00278A  010000      6C3B       0  MEDIUMCO
                text57                         010000  00FFF8  01FFF8      8000       0  CODE    


UNUSED ADDRESS RANGES

        Name                Unused          Largest block    Delta
        BANK13           00DB3-00DFF              4D
        BANK14           00E00-00EAF              B0
        BANK3            003DD-003FF              23
        BANK4            004BC-004FF              44
        BANK5            005E2-005FF              1E
        BANK6            006F2-006FF               E
        BANK7            007F8-007FF               8
        BANK8            008F3-008FF               D
        BIGRAM           00042-0005F              1E
                         003DD-003FF              23
                         004BC-004FF              44
                         005E2-005FF              1E
                         006F2-006FF               E
                         007F8-007FF               8
                         008F3-008FF               D
                         00DB3-00EAF              FD
        BIGSFR           00EB0-00FFF             150
        CODE             00004-00007               4
                         0000E-00017               A
                         00CAD-00CAD               1
                         03FBB-03FBB               1
                         0424D-0424D               1
                         04258-0D875            961E
        COMRAM           00042-0005F              1E
        CONST            00004-00007               4
                         0000E-00017               A
                         00CAD-00CAD               1
                         03FBB-03FBB               1
                         0424D-0424D               1
                         04258-0D875            961E
        MEDIUMCONST      03FBB-03FBB               1
                         0424D-0424D               1
                         04258-0D875            961E
        RAM              003DD-003FF              23
                         004BC-004FF              44
                         005E2-005FF              1E
                         006F2-006FF               E
                         007F8-007FF               8
                         008F3-008FF               D
                         00DB3-00EAF              4D
        SFR              00EB0-00FFF              60
        SMALLCONST       03FBB-03FBB               1
                         0424D-0424D               1
                         04258-0D875             100

                                  Symbol Table

?_Get_Timer                                                                              cstackBANK0   00062
?_Get_end_test_pt                                                                        cstackCOMRAM  0001F
?_Set_Timer                                                                              cstackCOMRAM  0001F
?_VL53L0X_calc_macro_period_ps                                                           cstackBANK0   00068
?_VL53L0X_calc_timeout_mclks                                                             cstackBANK0   00078
?_VL53L0X_calc_timeout_us                                                                cstackBANK0   00078
?_VL53L0X_decode_timeout                                                                 cstackCOMRAM  0001F
?_VL53L0X_encode_timeout                                                                 cstackCOMRAM  0001F
?_VL53L0X_isqrt                                                                          cstackBANK0   00075
?_VL53L0X_read_byte                                                                      cstackBANK1   0011B
?_VL53L0X_read_dword                                                                     cstackBANK1   00127
?_VL53L0X_read_multi                                                                     cstackBANK1   0011B
?_VL53L0X_read_word                                                                      cstackBANK1   00127
?_VL53L0X_write_byte                                                                     cstackBANK1   0011B
?_VL53L0X_write_multi                                                                    cstackBANK1   0011B
?_VL53L0X_write_word                                                                     cstackBANK1   0011B
?___awdiv                                                                                cstackCOMRAM  0001F
?___awmod                                                                                cstackCOMRAM  0001F
?___expand_heap                                                                          cstackCOMRAM  0001F
?___fladd                                                                                cstackBANK0   00060
?___fldiv                                                                                cstackBANK0   0006A
?___flmul                                                                                cstackBANK0   00060
?___flneg                                                                                cstackCOMRAM  0001F
?___flsub                                                                                cstackBANK0   00075
?___fltol                                                                                cstackCOMRAM  0001F
?___fpclassifyf                                                                          cstackCOMRAM  0001F
?___lldiv                                                                                cstackBANK0   00068
?___llmod                                                                                cstackBANK0   00060
?___lmul                                                                                 cstackBANK0   00060
?___lwdiv                                                                                cstackBANK0   00062
?___lwmod                                                                                cstackCOMRAM  0001F
?___simple_search_fl                                                                     cstackCOMRAM  0001F
?___wmul                                                                                 cstackCOMRAM  0001F
?___xxtofl                                                                               cstackCOMRAM  0001F
?_abs                                                                                    cstackBANK0   00075
?_floorf                                                                                 cstackBANK0   00083
?_get_rtc_msec                                                                           cstackCOMRAM  0001F
?_getch                                                                                  cstackCOMRAM  0001F
?_i2c_readMulti                                                                          cstackBANK1   0010E
?_i2c_writeMulti                                                                         cstackBANK1   0010E
?_isprint                                                                                cstackCOMRAM  0001F
?_labs                                                                                   cstackCOMRAM  0001F
?_malloc                                                                                 cstackBANK0   00072
?_printf                                                                                 cstackBANK0   000E7
?_read_prec_or_width                                                                     cstackBANK0   00062
?_sprintf                                                                                cstackBANK0   000E7
?_strcmp                                                                                 cstackBANK0   00062
?_strlen                                                                                 cstackCOMRAM  0001F
?_strncmp                                                                                cstackBANK0   00060
?_vfprintf                                                                               cstackBANK0   000DF
?i2___wmul                                                                               cstackCOMRAM  00001
?i2_get_rtc_msec                                                                         cstackCOMRAM  00001
Check_Message@c                                                                          cstackBANK1   0010A
Check_Message@dist                                                                       cstackBANK1   00104
Check_Message@end                                                                        cstackBANK1   00106
Check_Message@i                                                                          cstackBANK1   00111
Check_Message@j                                                                          cstackBANK1   0010F
Check_Message@num                                                                        cstackBANK1   00100
Check_Message@src                                                                        cstackBANK1   00102
Check_Message@start                                                                      cstackBANK1   0010D
Check_Message@status                                                                     cstackBANK1   0010C
DispLogData@i                                                                            cstackBANK1   00102
DispLogData@rpt                                                                          cstackBANK1   0010A
DispMenue@i                                                                              cstackBANK0   000FB
DispMenue@type                                                                           cstackBANK0   000FC
Get_Timer@rtn                                                                            cstackBANK0   00065
Get_Timer@sel                                                                            cstackBANK0   00062
Get_end_test_pt@buf                                                                      cstackCOMRAM  00021
Get_end_test_pt@i                                                                        cstackBANK0   00065
Get_end_test_pt@num                                                                      cstackCOMRAM  0001F
Get_end_test_pt@rtn                                                                      cstackBANK0   00063
Get_rcv_data@dt                                                                          cstackCOMRAM  0001F
Init_Timer@i                                                                             cstackCOMRAM  0001F
Rel_Timer@sel                                                                            cstackBANK0   00062
Rtc_Read@dt                                                                              cstackBANK0   00060
Rtc_Read@rtc                                                                             cstackCOMRAM  00021
SK_RangingTest@LimitCheckCurrent                                                         cstackBANK4   0049A
SK_RangingTest@PhaseCal                                                                  cstackBANK4   00490
SK_RangingTest@RangingMeasurementData                                                    cstackBANK4   004A2
SK_RangingTest@Status                                                                    cstackBANK4   004BB
SK_RangingTest@VhvSettings                                                               cstackBANK4   00499
SK_RangingTest@i                                                                         cstackBANK4   00487
SK_RangingTest@isApertureSpads                                                           cstackBANK4   0048F
SK_RangingTest@max                                                                       cstackBANK4   00489
SK_RangingTest@measurement                                                               cstackBANK4   0049E
SK_RangingTest@no_of_measurements                                                        cstackBANK4   00491
SK_RangingTest@pMyDevice                                                                 cstackBANK3   003D1
SK_RangingTest@pRangingMeasurementData                                                   cstackBANK4   00495
SK_RangingTest@pResults                                                                  cstackBANK4   00497
SK_RangingTest@refSpadCount                                                              cstackBANK4   0048B
SK_RangingTest@sel                                                                       cstackBANK3   003D3
Send_RS485@c                                                                             cstackBANK1   00102
Send_RS485@i                                                                             cstackBANK1   00104
Send_RS485@msg                                                                           cstackBANK0   000FB
Send_RS485@num                                                                           cstackBANK0   000FD
SetLogData@dt1                                                                           cstackBANK0   00064
SetLogData@dt2                                                                           cstackBANK0   00065
SetLogData@dt3                                                                           cstackBANK0   00066
SetLogData@dt4                                                                           cstackBANK0   00067
SetLogData@i                                                                             cstackBANK0   0006D
SetLogData@string                                                                        cstackBANK0   00062
SetLogData@type                                                                          cstackBANK0   0006C
SetLogDataM@dt1                                                                          cstackBANK1   00102
SetLogDataM@dt2                                                                          cstackBANK1   00103
SetLogDataM@dt3                                                                          cstackBANK1   00104
SetLogDataM@dt4                                                                          cstackBANK1   00105
SetLogDataM@string                                                                       cstackBANK1   00100
SetLogDataM@type                                                                         cstackBANK0   000FB
SetSubStringData@cpt                                                                     cstackBANK0   00069
SetSubStringData@dpt                                                                     cstackBANK0   0006B
SetSubStringData@i                                                                       cstackBANK0   00071
SetSubStringData@keta                                                                    cstackBANK0   0006F
SetSubStringData@num                                                                     cstackBANK0   0006E
Set_Timer@dt                                                                             cstackCOMRAM  0001F
Set_Timer@i                                                                              cstackBANK0   00062
Set_Timer@rtn                                                                            cstackBANK0   00060
Set_UasrtBauRaite@dt                                                                     cstackCOMRAM  0001F
Set_rcv_data@dt                                                                          cstackCOMRAM  00001
T100msecMainTask@rtc                                                                     cstackBANK1   00132
T100msecMainTask@string                                                                  cstackBANK1   00100
VL53L0X_CheckAndLoadInterruptSettings@Dev                                                cstackBANK1   0014D
VL53L0X_CheckAndLoadInterruptSettings@InterruptConfig                                    cstackBANK1   00152
VL53L0X_CheckAndLoadInterruptSettings@StartNotStopFlag                                   cstackBANK1   0014F
VL53L0X_CheckAndLoadInterruptSettings@Status                                             cstackBANK1   0015B
VL53L0X_CheckAndLoadInterruptSettings@ThresholdHigh                                      cstackBANK1   00157
VL53L0X_CheckAndLoadInterruptSettings@ThresholdLow                                       cstackBANK1   00153
VL53L0X_ClearInterruptMask@Byte                                                          cstackBANK1   0013B
VL53L0X_ClearInterruptMask@Dev                                                           cstackBANK1   00133
VL53L0X_ClearInterruptMask@InterruptMask                                                 cstackBANK1   00135
VL53L0X_ClearInterruptMask@LoopCount                                                     cstackBANK1   0013A
VL53L0X_ClearInterruptMask@Status                                                        cstackBANK1   0013C
VL53L0X_DataInit@CurrentParameters                                                       cstackBANK2   00204
VL53L0X_DataInit@Dev                                                                     cstackBANK1   001AB
VL53L0X_DataInit@Status                                                                  cstackBANK2   00203
VL53L0X_DataInit@StopVariable                                                            cstackBANK2   00202
VL53L0X_DataInit@i                                                                       cstackBANK2   00200
VL53L0X_GetDeviceInfo@Dev                                                                cstackBANK1   001B5
VL53L0X_GetDeviceInfo@Status                                                             cstackBANK1   001B9
VL53L0X_GetDeviceInfo@pVL53L0X_DeviceInfo                                                cstackBANK1   001B7
VL53L0X_GetDeviceMode@Dev                                                                cstackCOMRAM  0001F
VL53L0X_GetDeviceMode@pDeviceMode                                                        cstackCOMRAM  00021
VL53L0X_GetDeviceParameters@Dev                                                          cstackBANK1   0019C
VL53L0X_GetDeviceParameters@Status                                                       cstackBANK1   001AA
VL53L0X_GetDeviceParameters@i                                                            cstackBANK1   001A8
VL53L0X_GetDeviceParameters@pDeviceParameters                                            cstackBANK1   0019E
VL53L0X_GetFractionEnable@Dev                                                            cstackBANK1   00133
VL53L0X_GetFractionEnable@Status                                                         cstackBANK1   00137
VL53L0X_GetFractionEnable@pEnabled                                                       cstackBANK1   00135
VL53L0X_GetInterMeasurementPeriodMilliSeconds@Dev                                        cstackBANK1   00157
VL53L0X_GetInterMeasurementPeriodMilliSeconds@IMPeriodMilliSeconds                       cstackBANK1   0015B
VL53L0X_GetInterMeasurementPeriodMilliSeconds@Status                                     cstackBANK1   00161
VL53L0X_GetInterMeasurementPeriodMilliSeconds@osc_calibrate_val                          cstackBANK1   0015F
VL53L0X_GetInterMeasurementPeriodMilliSeconds@pInterMeasurementPeriodMilliSeconds        cstackBANK1   00159
VL53L0X_GetInterruptMaskStatus@Byte                                                      cstackBANK1   0013D
VL53L0X_GetInterruptMaskStatus@Dev                                                       cstackBANK1   00133
VL53L0X_GetInterruptMaskStatus@Status                                                    cstackBANK1   0013C
VL53L0X_GetInterruptMaskStatus@pInterruptMaskStatus                                      cstackBANK1   00135
VL53L0X_GetInterruptThresholds@Dev                                                       cstackBANK1   0013F
VL53L0X_GetInterruptThresholds@DeviceMode                                                cstackBANK1   00141
VL53L0X_GetInterruptThresholds@Status                                                    cstackBANK1   0014A
VL53L0X_GetInterruptThresholds@Threshold16                                               cstackBANK1   0014B
VL53L0X_GetInterruptThresholds@pThresholdHigh                                            cstackBANK1   00144
VL53L0X_GetInterruptThresholds@pThresholdLow                                             cstackBANK1   00142
VL53L0X_GetLimitCheckCurrent@Dev                                                         cstackBANK0   00060
VL53L0X_GetLimitCheckCurrent@LastRangeDataBuffer                                         cstackBANK0   00066
VL53L0X_GetLimitCheckCurrent@LimitCheckId                                                cstackBANK0   00062
VL53L0X_GetLimitCheckCurrent@pLimitCheckCurrent                                          cstackBANK0   00064
VL53L0X_GetLimitCheckEnable@Dev                                                          cstackBANK0   00060
VL53L0X_GetLimitCheckEnable@LimitCheckId                                                 cstackBANK0   00062
VL53L0X_GetLimitCheckEnable@Status                                                       cstackCOMRAM  00022
VL53L0X_GetLimitCheckEnable@Temp8                                                        cstackCOMRAM  00021
VL53L0X_GetLimitCheckEnable@pLimitCheckEnable                                            cstackBANK0   00064
VL53L0X_GetLimitCheckValue@Dev                                                           cstackBANK1   0013F
VL53L0X_GetLimitCheckValue@EnableZeroValue                                               cstackBANK1   00149
VL53L0X_GetLimitCheckValue@LimitCheckId                                                  cstackBANK1   00141
VL53L0X_GetLimitCheckValue@Status                                                        cstackBANK1   0014C
VL53L0X_GetLimitCheckValue@Temp16                                                        cstackBANK1   0014A
VL53L0X_GetLimitCheckValue@TempFix1616                                                   cstackBANK1   0014D
VL53L0X_GetLimitCheckValue@pLimitCheckValue                                              cstackBANK1   00143
VL53L0X_GetMeasurementDataReady@Dev                                                      cstackBANK1   0013E
VL53L0X_GetMeasurementDataReady@InterruptConfig                                          cstackBANK1   00142
VL53L0X_GetMeasurementDataReady@InterruptMask                                            cstackBANK1   00143
VL53L0X_GetMeasurementDataReady@Status                                                   cstackBANK1   00148
VL53L0X_GetMeasurementDataReady@SysRangeStatusRegister                                   cstackBANK1   00147
VL53L0X_GetMeasurementDataReady@pMeasurementDataReady                                    cstackBANK1   00140
VL53L0X_GetMeasurementTimingBudgetMicroSeconds@Dev                                       cstackBANK1   00197
VL53L0X_GetMeasurementTimingBudgetMicroSeconds@Status                                    cstackBANK1   0019B
VL53L0X_GetMeasurementTimingBudgetMicroSeconds@pMeasurementTimingBudgetMicroSeconds      cstackBANK1   00199
VL53L0X_GetOffsetCalibrationDataMicroMeter@Dev                                           cstackBANK1   0014E
VL53L0X_GetOffsetCalibrationDataMicroMeter@Status                                        cstackBANK1   00152
VL53L0X_GetOffsetCalibrationDataMicroMeter@pOffsetCalibrationDataMicroMeter              cstackBANK1   00150
VL53L0X_GetPalErrorString@PalErrorCode                                                   cstackBANK0   0006D
VL53L0X_GetPalErrorString@pPalErrorString                                                cstackBANK0   0006B
VL53L0X_GetRangeStatusString@RangeStatus                                                 cstackBANK0   0006D
VL53L0X_GetRangeStatusString@pRangeStatusString                                          cstackBANK0   0006B
VL53L0X_GetRangingMeasurementData@AmbientRate                                            cstackBANK2   0029F
VL53L0X_GetRangingMeasurementData@Dev                                                    cstackBANK1   001F1
VL53L0X_GetRangingMeasurementData@DeviceRangeStatus                                      cstackBANK2   002A1
VL53L0X_GetRangingMeasurementData@EffectiveSpadRtnCount                                  cstackBANK2   002AA
VL53L0X_GetRangingMeasurementData@LastRangeDataBuffer                                    cstackBANK2   002B4
VL53L0X_GetRangingMeasurementData@LinearityCorrectiveGain                                cstackBANK2   002A7
VL53L0X_GetRangingMeasurementData@PalRangeStatus                                         cstackBANK2   002B2
VL53L0X_GetRangingMeasurementData@RangeFractionalEnable                                  cstackBANK2   002A9
VL53L0X_GetRangingMeasurementData@SignalRate                                             cstackBANK2   002AC
VL53L0X_GetRangingMeasurementData@Status                                                 cstackBANK2   002B3
VL53L0X_GetRangingMeasurementData@XTalkCompensationEnable                                cstackBANK2   002A2
VL53L0X_GetRangingMeasurementData@XTalkCompensationRateMegaCps                           cstackBANK2   002A5
VL53L0X_GetRangingMeasurementData@XtalkRangeMilliMeter                                   cstackBANK2   002A3
VL53L0X_GetRangingMeasurementData@localBuffer                                            cstackBANK2   00293
VL53L0X_GetRangingMeasurementData@pRangingMeasurementData                                cstackBANK1   001F3
VL53L0X_GetRangingMeasurementData@tmpuint16                                              cstackBANK2   002B0
VL53L0X_GetSequenceStepEnables@Dev                                                       cstackBANK1   00133
VL53L0X_GetSequenceStepEnables@SequenceConfig                                            cstackBANK1   00138
VL53L0X_GetSequenceStepEnables@Status                                                    cstackBANK1   00137
VL53L0X_GetSequenceStepEnables@pSchedulerSequenceSteps                                   cstackBANK1   00135
VL53L0X_GetStopCompletedStatus@Byte                                                      cstackBANK1   0013B
VL53L0X_GetStopCompletedStatus@Dev                                                       cstackBANK1   00133
VL53L0X_GetStopCompletedStatus@Status                                                    cstackBANK1   0013C
VL53L0X_GetStopCompletedStatus@pStopStatus                                               cstackBANK1   00135
VL53L0X_GetVcselPulsePeriod@Dev                                                          cstackBANK1   0013C
VL53L0X_GetVcselPulsePeriod@Status                                                       cstackBANK1   00141
VL53L0X_GetVcselPulsePeriod@VcselPeriodType                                              cstackBANK1   0013E
VL53L0X_GetVcselPulsePeriod@pVCSELPulsePeriodPCLK                                        cstackBANK1   0013F
VL53L0X_GetVersion@pVersion                                                              cstackCOMRAM  0001F
VL53L0X_GetWrapAroundCheckEnable@Dev                                                     cstackBANK1   00133
VL53L0X_GetWrapAroundCheckEnable@Status                                                  cstackBANK1   00137
VL53L0X_GetWrapAroundCheckEnable@data                                                    cstackBANK1   00138
VL53L0X_GetWrapAroundCheckEnable@pWrapAroundCheckEnable                                  cstackBANK1   00135
VL53L0X_GetXTalkCompensationEnable@Dev                                                   cstackCOMRAM  0001F
VL53L0X_GetXTalkCompensationEnable@Temp8                                                 cstackBANK0   00060
VL53L0X_GetXTalkCompensationEnable@pXTalkCompensationEnable                              cstackCOMRAM  00021
VL53L0X_GetXTalkCompensationRateMegaCps@Dev                                              cstackBANK1   0013F
VL53L0X_GetXTalkCompensationRateMegaCps@Status                                           cstackBANK1   00145
VL53L0X_GetXTalkCompensationRateMegaCps@TempFix1616                                      cstackBANK1   00146
VL53L0X_GetXTalkCompensationRateMegaCps@Value                                            cstackBANK1   0014A
VL53L0X_GetXTalkCompensationRateMegaCps@pXTalkCompensationRateMegaCps                    cstackBANK1   00141
VL53L0X_PerformRefCalibration@Dev                                                        cstackBANK1   00169
VL53L0X_PerformRefCalibration@Status                                                     cstackBANK1   0016F
VL53L0X_PerformRefCalibration@pPhaseCal                                                  cstackBANK1   0016D
VL53L0X_PerformRefCalibration@pVhvSettings                                               cstackBANK1   0016B
VL53L0X_PerformRefSpadManagement@Dev                                                     cstackBANK3   00341
VL53L0X_PerformRefSpadManagement@Status                                                  cstackBANK1   001FE
VL53L0X_PerformRefSpadManagement@isApertureSpads                                         cstackBANK3   00345
VL53L0X_PerformRefSpadManagement@refSpadCount                                            cstackBANK3   00343
VL53L0X_PerformSingleMeasurement@Dev                                                     cstackBANK1   00168
[...]
xtoa@p                                                                                   cstackBANK0   00081
xtoa@w                                                                                   cstackBANK0   00083


MODULE INFORMATION

Module		Function		Class		Link	Load	Size
C:\Program Files\Microchip\xc8\v2.41\pic\sources\c99\common\isprint.c
		_isprint       		CODE           	3EC6	0000	44

C:\Program Files\Microchip\xc8\v2.41\pic\sources\c99\common\isprint.c estimated size: 44

C:\Program Files\Microchip\xc8\v2.41\pic\sources\c99\common\__fpclassifyf.c
		___fpclassifyf 		CODE           	08CE	0000	256

C:\Program Files\Microchip\xc8\v2.41\pic\sources\c99\common\__fpclassifyf.c estimated size: 256

C:\Program Files\Microchip\xc8\v2.41\pic\sources\c99\common\awmod.c
		___awmod       		CODE           	214C	0000	178

C:\Program Files\Microchip\xc8\v2.41\pic\sources\c99\common\awmod.c estimated size: 178

vl53/core/vl53l0x_api_calibration.c
		_VL53L0X_perform_ref_spad_management		CODE           	13B06	0000	2352
		_get_next_good_spad		CODE           	1D914	0000	496
		_VL53L0X_ref_calibration_io		CODE           	1EFDE	0000	364
		_get_ref_spad_map		CODE           	3E38	0000	50
		_set_ref_spad_map		CODE           	3E06	0000	50
		_VL53L0X_set_reference_spads		CODE           	1C98A	0000	648
		_VL53L0X_get_offset_calibration_data_micro_meter		CODE           	1068	0000	230
		_enable_spad_bit		CODE           	1CD8	0000	198
		_VL53L0X_perform_phase_calibration		CODE           	1F94C	0000	332
		_perform_ref_signal_measurement		CODE           	0286	0000	296
		_VL53L0X_perform_vhv_calibration		CODE           	1F55E	0000	336
		_is_aperture   		CODE           	2D24	0000	122
		_VL53L0X_perform_single_ref_calibration		CODE           	27C8	0000	152
		_VL53L0X_perform_ref_calibration		CODE           	13EE	0000	214
		_enable_ref_spads		CODE           	1D2EC	0000	536

vl53/core/vl53l0x_api_calibration.c estimated size: 6376

C:\Program Files\Microchip\xc8\v2.41\pic\sources\c99\common\floorf.c
		_floorf        		CODE           	1D504	0000	534

C:\Program Files\Microchip\xc8\v2.41\pic\sources\c99\common\floorf.c estimated size: 534

C:\Program Files\Microchip\xc8\v2.41\pic\sources\c99\common\flge.c
		___flge        		CODE           	06C8	0000	262

C:\Program Files\Microchip\xc8\v2.41\pic\sources\c99\common\flge.c estimated size: 262

C:\Program Files\Microchip\xc8\v2.41\pic\sources\c99\common\llmod.c
		___llmod       		CODE           	297E	0000	138

C:\Program Files\Microchip\xc8\v2.41\pic\sources\c99\common\llmod.c estimated size: 138

C:\Program Files\Microchip\xc8\v2.41\pic\sources\c99\common\Umul32.c
		___lmul        		CODE           	31A4	0000	108

C:\Program Files\Microchip\xc8\v2.41\pic\sources\c99\common\Umul32.c estimated size: 108

vl53/core/vl53l0x_api_core.c
		_VL53L0X_calc_timeout_mclks		CODE           	0DA0	0000	238
		_get_sequence_step_timeout		CODE           	1B5E4	0000	770
		_VL53L0X_load_tuning_settings		CODE           	17F64	0000	1196
		_VL53L0X_decode_vcsel_period		CODE           	41FC	0000	16
		_VL53L0X_encode_vcsel_period		CODE           	41CA	0000	18
		_VL53L0X_get_total_signal_rate		CODE           	2F76	0000	114
		_set_sequence_step_timeout		CODE           	1A29E	0000	880
		_VL53L0X_device_read_strobe		CODE           	04B8	0000	264
		_VL53L0X_get_total_xtalk_rate		CODE           	0F7C	0000	236
		_VL53L0X_calc_sigma_estimate		CODE           	10000	0000	3792
		_VL53L0X_get_info_from_device		CODE           	10ED0	0000	3400
		_VL53L0X_get_vcsel_pulse_period		CODE           	25F2	0000	158
		_VL53L0X_set_vcsel_pulse_period		CODE           	14B7A	0000	1828
		_VL53L0X_isqrt 		CODE           	1FE5C	0000	310
		_VL53L0X_get_pal_range_status		CODE           	1529E	0000	1766
		_VL53L0X_get_measurement_timing_budget_micro_seconds		CODE           	1AFB2	0000	800
		_VL53L0X_set_measurement_timing_budget_micro_seconds		CODE           	197F2	0000	924
		_get_dmax_lut_points		CODE           	1ECB8	0000	404
		_VL53L0X_calc_macro_period_ps		CODE           	2A90	0000	136
		_VL53L0X_calc_timeout_us		CODE           	1810	0000	208
		_VL53L0X_calc_dmax		CODE           	18C8C	0000	1004
		_VL53L0X_measurement_poll_for_completion		CODE           	272C	0000	156
		_VL53L0X_decode_timeout		CODE           	346E	0000	92
		_VL53L0X_encode_timeout		CODE           	1C10	0000	200

vl53/core/vl53l0x_api_core.c estimated size: 18910

C:\Program Files\Microchip\xc8\v2.41\pic\sources\c99\common\fltol.c
		___fltol       		CODE           	05C0	0000	264

C:\Program Files\Microchip\xc8\v2.41\pic\sources\c99\common\fltol.c estimated size: 264

C:\Program Files\Microchip\xc8\v2.41\pic\sources\c99\common\lite_free.c
		___simple_search_fl		CODE           	1CC12	0000	632
		_free          		CODE           	1F14A	0000	348

C:\Program Files\Microchip\xc8\v2.41\pic\sources\c99\common\lite_free.c estimated size: 980

vl53/core/vl53l0x_api.c
		_VL53L0X_SetGpioConfig		CODE           	1A60E	0000	840
		_VL53L0X_GetInterruptThresholds		CODE           	2554	0000	158
		_VL53L0X_GetStopCompletedStatus		CODE           	1F2A6	0000	348
		_VL53L0X_StaticInit		CODE           	15984	0000	1598
		_VL53L0X_GetInterMeasurementPeriodMilliSeconds		CODE           	166C	0000	210
		_VL53L0X_GetVersion		CODE           	39B4	0000	74
		_VL53L0X_GetLimitCheckValue		CODE           	1C452	0000	678
		_VL53L0X_SetLimitCheckValue		CODE           	1D0C6	0000	550
		_VL53L0X_GetInterruptMaskStatus		CODE           	2A08	0000	136
		_VL53L0X_PerformRefSpadManagement		CODE           	3A8C	0000	70
		_VL53L0X_GetOffsetCalibrationDataMicroMeter		CODE           	40B8	0000	28
		_VL53L0X_PerformSingleMeasurement		CODE           	2690	0000	156
		_VL53L0X_PerformRefCalibration		CODE           	3968	0000	76
		_VL53L0X_SetSequenceStepEnable		CODE           	1DCEA	0000	484
		_VL53L0X_ClearInterruptMask		CODE           	1E64	0000	196
		_VL53L0X_GetLimitCheckEnable		CODE           	3524	0000	90
		_VL53L0X_SetLimitCheckEnable		CODE           	1CE8A	0000	572
		_vl53_LogDisp2 		CODE           	424E	0000	2
		_VL53L0X_GetWrapAroundCheckEnable		CODE           	2860	0000	146
		_VL53L0X_GetXTalkCompensationRateMegaCps		CODE           	0AC6	0000	244
		_VL53L0X_GetSequenceStepEnables		CODE           	1F6AE	0000	336
		_VL53L0X_GetLimitCheckCurrent		CODE           	1F7FE	0000	334
		_VL53L0X_GetFractionEnable		CODE           	3210	0000	106
		_sequence_step_enabled		CODE           	1B46	0000	202
		_VL53L0X_GetPalErrorString		CODE           	4188	0000	22
		_VL53L0X_PerformSingleRangingMeasurement		CODE           	1FD1C	0000	320
		_VL53L0X_GetMeasurementDataReady		CODE           	14C4	0000	214
		_VL53L0X_DataInit		CODE           	15FC2	0000	1490
		_VL53L0X_GetXTalkCompensationEnable		CODE           	3FE2	0000	34
		_VL53L0X_CheckAndLoadInterruptSettings		CODE           	1D71A	0000	506
		_VL53L0X_GetDeviceInfo		CODE           	4080	0000	28
		_VL53L0X_GetRangingMeasurementData		CODE           	17076	0000	1340
		_VL53L0X_GetVcselPulsePeriod		CODE           	3BA2	0000	66
		_VL53L0X_SetVcselPulsePeriod		CODE           	409C	0000	28
		_VL53L0X_GetRangeStatusString		CODE           	4172	0000	22
		_VL53L0X_GetMeasurementTimingBudgetMicroSeconds		CODE           	40D4	0000	28
		_VL53L0X_SetMeasurementTimingBudgetMicroSeconds		CODE           	3A46	0000	70
		_VL53L0X_StartMeasurement		CODE           	1BBD8	0000	736
		_VL53L0X_GetDeviceParameters		CODE           	1B2D2	0000	786
		_VL53L0X_StopMeasurement		CODE           	0CAE	0000	242
		_VL53L0X_GetDeviceMode		CODE           	40F0	0000	28
		_VL53L0X_SetDeviceMode		CODE           	28F2	0000	140

vl53/core/vl53l0x_api.c estimated size: 13734

C:\Program Files\Microchip\xc8\v2.41\pic\sources\c99\common\xxtofl.c
		___xxtofl      		CODE           	1E61E	0000	440

C:\Program Files\Microchip\xc8\v2.41\pic\sources\c99\common\xxtofl.c estimated size: 440

C:\Program Files\Microchip\xc8\v2.41\pic\sources\c99\common\__lldiv.c
		___lldiv       		CODE           	24AE	0000	166

C:\Program Files\Microchip\xc8\v2.41\pic\sources\c99\common\__lldiv.c estimated size: 166

C:\Program Files\Microchip\xc8\v2.41\pic\sources\c99\common\strlen.c
		_strlen        		CODE           	387C	0000	80

C:\Program Files\Microchip\xc8\v2.41\pic\sources\c99\common\strlen.c estimated size: 80

C:\Program Files\Microchip\xc8\v2.41\pic\sources\c99\common\nf_fputc.c
		_fputc         		CODE           	19B0	0000	204

C:\Program Files\Microchip\xc8\v2.41\pic\sources\c99\common\nf_fputc.c estimated size: 204

vl53/core/vl53l0x_api_strings.c
		_VL53L0X_get_range_status_string		CODE           	07CE	0000	256
		_VL53L0X_get_device_info		CODE           	1EE4C	0000	402
		_VL53L0X_check_part_used		CODE           	1F28	0000	192
		_VL53L0X_get_pal_error_string		CODE           	1C6F8	0000	658

vl53/core/vl53l0x_api_strings.c estimated size: 1508

C:\Program Files\Microchip\xc8\v2.41\pic\sources\c99\common\strcmp.c
		_strcmp        		CODE           	2D9E	0000	122

C:\Program Files\Microchip\xc8\v2.41\pic\sources\c99\common\strcmp.c estimated size: 122

C:\Program Files\Microchip\xc8\v2.41\pic\sources\c99\common\strcpy.c
		_strcpy        		CODE           	340E	0000	96

C:\Program Files\Microchip\xc8\v2.41\pic\sources\c99\common\strcpy.c estimated size: 96

C:\Program Files\Microchip\xc8\v2.41\pic\sources\c99\common\nf_sprintf.c
		_sprintf       		CODE           	382C	0000	80

C:\Program Files\Microchip\xc8\v2.41\pic\sources\c99\common\nf_sprintf.c estimated size: 80

C:\Program Files\Microchip\xc8\v2.41\pic\sources\c99\common\sprcadd.c
		___flsub       		CODE           	39FE	0000	72
		___fladd       		CODE           	17AA2	0000	1218

C:\Program Files\Microchip\xc8\v2.41\pic\sources\c99\common\sprcadd.c estimated size: 1290

C:\Program Files\Microchip\xc8\v2.41\pic\sources\c99\common\lwdiv.c
		___lwdiv       		CODE           	2E8E	0000	118

C:\Program Files\Microchip\xc8\v2.41\pic\sources\c99\common\lwdiv.c estimated size: 118

C:\Program Files\Microchip\xc8\v2.41\pic\sources\c99\common\awdiv.c
		___awdiv       		CODE           	1D9E	0000	198

C:\Program Files\Microchip\xc8\v2.41\pic\sources\c99\common\awdiv.c estimated size: 198

C:\Program Files\Microchip\xc8\v2.41\pic\sources\c99\common\expand_heap.c
		___expand_heap 		CODE           	1FE8	0000	178

C:\Program Files\Microchip\xc8\v2.41\pic\sources\c99\common\expand_heap.c estimated size: 178

C:\Program Files\Microchip\xc8\v2.41\pic\sources\c99\common\abs.c
		_abs           		CODE           	3BE4	0000	66

C:\Program Files\Microchip\xc8\v2.41\pic\sources\c99\common\abs.c estimated size: 66

C:\Program Files\Microchip\xc8\v2.41\pic\sources\c99\common\doprnt.c
		_read_prec_or_width		CODE           	173E	0000	210
		_vfpfcnvrt     		CODE           	16B10	0000	1382
		_efgtoa        		CODE           	12684	0000	2668
		_pad           		CODE           	21FE	0000	174
		_dtoa          		CODE           	1E0B0	0000	466
		_vfprintf      		CODE           	36DE	0000	86
		_stoa          		CODE           	1E986	0000	414
		_utoa          		CODE           	002A	0000	304
		_xtoa          		CODE           	1F402	0000	348

C:\Program Files\Microchip\xc8\v2.41\pic\sources\c99\common\doprnt.c estimated size: 6052

C:\Program Files\Microchip\xc8\v2.41\pic\sources\c99\common\flneg.c
		___flneg       		CODE           	3DCE	0000	56

C:\Program Files\Microchip\xc8\v2.41\pic\sources\c99\common\flneg.c estimated size: 56

C:\Program Files\Microchip\xc8\v2.41\pic\sources\c99\common\fleq.c
		___fleq        		CODE           	2358	0000	172

C:\Program Files\Microchip\xc8\v2.41\pic\sources\c99\common\fleq.c estimated size: 172

shared
		i2_get_rtc_sec 		CODE           	4244	0000	6
		_InterruptThresholdSettings		MEDIUMCONST    	D8C1	0000	438
		_message_end_text		MEDIUMCONST    	D8A3	0000	8
		_com_start_text		MEDIUMCONST    	D8B3	0000	8
		i2_get_rtc_msec		CODE           	4216	0000	10
		i2_get_rtc_usec		CODE           	423E	0000	6
		_com_list      		MEDIUMCONST    	DC4D	0000	121
		_com           		MEDIUMCONST    	D877	0000	44
		_res_start_text		MEDIUMCONST    	D8AB	0000	8
		i2___wmul      		CODE           	3FBC	0000	38
		i2_SetLogData  		CODE           	1C18A	0000	712
		__initialization		CODE           	114E	0000	216
		_i2c_list      		MEDIUMCONST    	DB85	0000	200
		_Deb_menue00   		MEDIUMCONST    	DA77	0000	270
		_Deb_menue01   		MEDIUMCONST    	DCC6	0000	120
		_MenueList     		MEDIUMCONST    	D8BB	0000	6

shared estimated size: 2211

rtc_main.c
		_get_rtc_sec   		CODE           	422C	0000	6
		_get_rtc_msec  		CODE           	420C	0000	10
		_get_rtc_usec  		CODE           	4226	0000	6
		_Rtc_Read      		CODE           	1230	0000	226
		_bcd2bin       		CODE           	41B4	0000	22
		_rtc_disp_log  		CODE           	2E18	0000	118
		_rtc_data_init 		CODE           	4064	0000	28

rtc_main.c estimated size: 416

C:\Program Files\Microchip\xc8\v2.41\pic\sources\c99\common\memcpy.c
		_memcpy        		CODE           	37DA	0000	82

C:\Program Files\Microchip\xc8\v2.41\pic\sources\c99\common\memcpy.c estimated size: 82

vl53/platform/vl53l0x_platform.c
		_VL53L0X_WriteMulti		CODE           	2B18	0000	134
		_VL53L0X_PollingDelay		CODE           	41EC	0000	16
		_VL53L0X_RdWord		CODE           	362E	0000	88
		_VL53L0X_WrWord		CODE           	357E	0000	88
		_VL53L0X_RdByte		CODE           	35D6	0000	88
		_VL53L0X_WrByte		CODE           	3734	0000	84
		_VL53L0X_ReadMulti		CODE           	2B9E	0000	134
		_VL53L0X_UpdateByte		CODE           	2404	0000	170
		_VL53L0X_RdDWord		CODE           	3686	0000	88

vl53/platform/vl53l0x_platform.c estimated size: 890

vl53_st_main.c
		_vl53_LogDisp  		CODE           	4250	0000	2
		_WaitStopCompleted		CODE           	1A7C	0000	202
		_SK_RangingTest		CODE           	130F0	0000	2582
		_VL53_init     		CODE           	22AC	0000	172
		_WaitMeasurementDataReady		CODE           	1312	0000	220
		_print_range_status		CODE           	3B5E	0000	68
		_vl53l0x_Racing_test		CODE           	1B8E6	0000	754
		_vl53data_disp 		CODE           	11C18	0000	2668
		_print_pal_error		CODE           	3CE0	0000	60

vl53_st_main.c estimated size: 6728

C:\Program Files\Microchip\xc8\v2.41\pic\sources\c99\common\Umul16.c
		___wmul        		CODE           	3F44	0000	40

C:\Program Files\Microchip\xc8\v2.41\pic\sources\c99\common\Umul16.c estimated size: 40

vl53/platform/vl53l0x_i2c_platform.c
		_VL53L0X_write_byte		CODE           	38CC	0000	78
		_VL53L0X_read_multi		CODE           	3C64	0000	62
		_VL53L0X_read_word		CODE           	2FE8	0000	112
		_VL53L0X_read_byte		CODE           	391A	0000	78
		_VL53L0X_write_multi		CODE           	3C26	0000	62
		_VL53L0X_read_dword		CODE           	0E8E	0000	238
		_VL53L0X_write_word		CODE           	3AD2	0000	70

vl53/platform/vl53l0x_i2c_platform.c estimated size: 700

C:\Program Files\Microchip\xc8\v2.41\pic\sources\c99\common\nf_fputs.c
		_fputs         		CODE           	3B18	0000	70

C:\Program Files\Microchip\xc8\v2.41\pic\sources\c99\common\nf_fputs.c estimated size: 70

debug_main.c
		_read_line_streem		CODE           	19F2A	0000	884
		_uart_start_dispg		CODE           	41DC	0000	16
		_get_log_onoff 		CODE           	4220	0000	6
		_SetSubStringData		CODE           	19078	0000	972
		_DispMenue     		CODE           	18E0	0000	208
		_set_log_stop  		CODE           	3D94	0000	58
		_log_init      		CODE           	410C	0000	26
		_main_loop_disp		CODE           	2F04	0000	114
		_RegiDisp      		CODE           	1AC8E	0000	804
		_input2menu    		CODE           	159A	0000	210
		_DispLogData   		CODE           	175B2	0000	1264
		_SetLogData    		CODE           	1BEB8	0000	722
		_SetLogDataM   		CODE           	30C8	0000	110
		_debug_main    		CODE           	1A956	0000	824

debug_main.c estimated size: 6218

usr_rs485_main.c
		_rs485_com_task		CODE           	19444	0000	942
		_Get_rcv_data  		CODE           	3E6A	0000	46
		_Check_Message 		CODE           	14436	0000	1860
		_Send_RS485    		CODE           	1E452	0000	460
		_Set_rcv_data  		CODE           	3E98	0000	46
		_Get_end_test_pt		CODE           	1E282	0000	464

usr_rs485_main.c estimated size: 3818

i2c_main.c
		_i2c_start     		CODE           	1FBDA	0000	322
		_i2c_test      		CODE           	33AC	0000	98
		_i2c_write     		CODE           	1DB04	0000	486
		_i2c_stop      		CODE           	1FA98	0000	322
		_interrupt_i2c_bcl		CODE           	3F6C	0000	40
		_i2c_read      		CODE           	1E7D6	0000	432
		_i2c_CheckIdleWait		CODE           	209A	0000	178
		_i2c_init      		CODE           	3348	0000	100
		_i2c_writeMulti		CODE           	18410	0000	1104
		_i2c_readMulti 		CODE           	16594	0000	1404
		_interrupt_i2c_ssp		CODE           	4254	0000	2

i2c_main.c estimated size: 4488

C:\Program Files\Microchip\xc8\v2.41\pic\sources\c99\common\lite_malloc.c
		_malloc        		CODE           	1EB24	0000	404

C:\Program Files\Microchip\xc8\v2.41\pic\sources\c99\common\lite_malloc.c estimated size: 404

app_device_cdc_basic.c
		_print_usb     		CODE           	4252	0000	2

app_device_cdc_basic.c estimated size: 2

C:\Program Files\Microchip\xc8\v2.41\pic\sources\c99\common\labs.c
		_labs          		CODE           	327A	0000	104

C:\Program Files\Microchip\xc8\v2.41\pic\sources\c99\common\labs.c estimated size: 104

main.c
		_T1secMainTask 		CODE           	4026	0000	32
		_Timer0_init   		CODE           	415A	0000	24
		_T100msecMainTask		CODE           	1DECE	0000	482
		_main          		CODE           	015A	0000	300
		_Timer1_init   		CODE           	4046	0000	30
		_Wait          		CODE           	3D1C	0000	60

main.c estimated size: 928

uart_main.c
		_uart485_init  		CODE           	3788	0000	82
		_putch         		CODE           	419E	0000	22
		_uart_init     		CODE           	34CA	0000	90
		_Set_UasrtBauRaite		CODE           	3EF2	0000	42
		_getch         		CODE           	4004	0000	34

uart_main.c estimated size: 270

C:\Program Files\Microchip\xc8\v2.41\pic\sources\c99\common\strncmp.c
		_strncmp       		CODE           	09CE	0000	248

C:\Program Files\Microchip\xc8\v2.41\pic\sources\c99\common\strncmp.c estimated size: 248

C:\Program Files\Microchip\xc8\v2.41\pic\sources\c99\common\sprcmul.c
		___flmul       		CODE           	18860	0000	1068

C:\Program Files\Microchip\xc8\v2.41\pic\sources\c99\common\sprcmul.c estimated size: 1068

system.c
		_Interrupt_Timer0		CODE           	3136	0000	110
		_Interrupt_Timer1		CODE           	3D58	0000	60
		_ssCount_Timer 		CODE           	3058	0000	112
		_Init_Timer    		CODE           	3CA2	0000	62
		_Interrupt_RTC 		CODE           	4256	0000	2
		_high_isr      		CODE           	0008	0000	272
		_Check1secTask 		CODE           	4126	0000	26
		_Clear100msTaskFlg		CODE           	4238	0000	6
		_Check100msTask		CODE           	4140	0000	26
		_Clear1secTaskFlg		CODE           	4232	0000	6
		_Rel_Timer     		CODE           	1FF92	0000	102
		_Get_Timer     		CODE           	2C24	0000	132
		_Set_Timer     		CODE           	2CA8	0000	124
		_low_isr       		CODE           	0018	0000	14

system.c estimated size: 1054

C:\Program Files\Microchip\xc8\v2.41\pic\sources\c99\common\printf.c
		_printf        		CODE           	3F1C	0000	40

C:\Program Files\Microchip\xc8\v2.41\pic\sources\c99\common\printf.c estimated size: 40

C:\Program Files\Microchip\xc8\v2.41\pic\sources\c99\common\sprcdiv.c
		___fldiv       		CODE           	19B8E	0000	924

C:\Program Files\Microchip\xc8\v2.41\pic\sources\c99\common\sprcdiv.c estimated size: 924

C:\Program Files\Microchip\xc8\v2.41\pic\sources\c99\common\lwmod.c
		___lwmod       		CODE           	32E2	0000	102

C:\Program Files\Microchip\xc8\v2.41\pic\sources\c99\common\lwmod.c estimated size: 102

