Microchip MPLAB XC8 Compiler V2.41

Linker command line:

-W-3 \
  --edf=C:\Program Files\Microchip\xc8\v2.41\pic\dat\20230208172133_en.msgs \
  -cn -h+dist/default/production\PIC18F47J53.X.production.sym \
  --cmf=dist/default/production\PIC18F47J53.X.production.cmf -z -Q18F47J53 \
  -oC:\Users\nosak\AppData\Local\Temp\xcAsfdc.\driver_tmp_3.o \
  --defsym=__MPLAB_BUILD=1 --fixupoverflow=error \
  -Mdist/default/production/PIC18F47J53.X.production.map \
  --md=C:\Users\nosak\AppData\Local\Temp\xcAsfdc.\driver_tmp_0.dat -E1 \
  -ver=XC8 Compiler --acfsm=1493 -ACODE=00h-01FFF7h -ACONST=00h-01FFF7h \
  -ASMALLCONST=01000h-010FFhx495,01FF00h-01FFF7h \
  -AMEDIUMCONST=01000h-0FFFFh,011000h-01FFF7h -ACOMRAM=01h-05Fh \
  -AABS1=00h-0EAFh -ABIGRAM=01h-0EAFh \
  -ARAM=060h-0FFh,0100h-01FFhx13,0E00h-0EAFh -ABANK0=060h-0FFh \
  -ABANK1=0100h-01FFh -ABANK2=0200h-02FFh -ABANK3=0300h-03FFh \
  -ABANK4=0400h-04FFh -ABANK5=0500h-05FFh -ABANK6=0600h-06FFh \
  -ABANK7=0700h-07FFh -ABANK8=0800h-08FFh -ABANK9=0900h-09FFh \
  -ABANK10=0A00h-0AFFh -ABANK11=0B00h-0BFFh -ABANK12=0C00h-0CFFh \
  -ABANK13=0D00h-0DFFh -ABANK14=0E00h-0EAFh \
  -ASFR=0EB0h-0EFFh,0F00h-0F5Fh,0F60h-0FFFh -ABIGSFR=0EB0h-0FFFh \
  -ACONFIG=01FFF8h-01FFFFh \
  -preset_vec=00h,intcode=08h,intcodelo=018h,powerup,init -pramtop=01000h \
  -psmallconst=SMALLCONST -pmediumconst=MEDIUMCONST -pconst=CONST \
  -AFARRAM=00h-00h -pjflash_buffer=01F800h \
  -prdata=COMRAM,nvrram=COMRAM,nvbit=COMRAM,rbss=COMRAM,rbit=COMRAM \
  -pfarbss=FARRAM,fardata=FARRAM,nvFARRAM=FARRAM \
  -pintsave_regs=BIGRAM,bigbss=BIGRAM,bigdata=BIGRAM -pbss=RAM \
  -pidata=CODE,irdata=CODE,ibigdata=CODE,ifardata=CODE -prparam=COMRAM \
  C:\Users\nosak\AppData\Local\Temp\xcAsfdc.\driver_tmp_14.o \
  dist/default/production\PIC18F47J53.X.production.o 

Object code version is 3.11

Machine type is 18F47J53



                Name                               Link     Load   Length Selector   Space Scale
C:\Users\nosak\AppData\Local\Temp\xcAsfdc.\driver_tmp_14.o
                config                            1FFF8    1FFF8        8        0       4
                init                                 26       26        4        C       0
                reset_vec                             0        0        4        0       0
dist/default/production\PIC18F47J53.X.production.o
                intcodelo                            18       18        E        C       0
                intcode                               8        8        6        4       0
                config                            1FFF8    1FFF8        8        0       4
                temp                                 57       57        1        1       1
                mediumconst                        E0CC     E0CC     1F34     7066       0
                text226                            35EA     35EA        2     1AF3       0
                text225                            22A4     22A4       6E        C       0
                text224                            3008     3008       3C        C       0
                text223                            31E4     31E4       2E        C       0
                text222                            35B8     35B8        A     1971       0
                text221                            35E8     35E8        2     1AF3       0
                text220                            1FA0     1FA0       70        C       0
                intcode_body                        108      108       DA        C       0
                text217                            34A0     34A0       1C     1971       0
                text216                            3484     3484       1C     1971       0
                text215                            35CA     35CA        8     1971       0
                text214                            35C2     35C2        8     1971       0
                text213                            2FCA     2FCA       3E        C       0
                text212                            351E     351E       16     1971       0
                text211                             2BA      2BA       D4        C       0
                text210                            35E6     35E6        2     1AF3       0
                text209                             B72      B72       C4        C       0
                text208                            1084     1084       B0        C       0
                text207                            2ED0     2ED0       40        C       0
                text206                            3508     3508       16     1971       0
                text205                             78E      78E       CA        C       0
                text204                            2E8C     2E8C       44        C       0
                text203                            1336     1336       AA        C       0
                text202                           1D7B4    1D7B4      1CC     8000       0
                text201                           1924A    1924A      39A     8000       0
                text200                            128C     128C       AA        C       0
                text199                           1F39E    1F39E      104     8000       0
                text198                           18270    18270      42A     8000       0
                text197                            307C     307C       38        C       0
                text196                           17914    17914      4C0     8000       0
                text195                            2E46     2E46       46        C       0
                text194                           1F194    1F194      106     8000       0
                text193                           1F5A0    1F5A0       FE     8000       0
                text192                           1CC26    1CC26      212     8000       0
                text191                            244C     244C       66        C       0
                text190                            2BA2     2BA2       50        C       0
                text189                            263C     263C       5E        C       0
                text188                           11B18    11B18      CB8     8000       0
                text187                            3308     3308       26     1971       0
                text186                             52C      52C       CE        C       0
                text185                            2B52     2B52       50        C       0
                text184                           1DE8E    1DE8E      192     8000       0
                text183                           1F79A    1F79A       F6     8000       0
                text182                            1E4A     1E4A       74        C       0
                text181                            2516     2516       64        C       0
                text180                           1EE22    1EE22      128     8000       0
                text179                           1E464    1E464      156     8000       0
                text178                           15F58    15F58      5C2     8000       0
                text177                            295E     295E       56        C       0
                text176                            3292     3292       28        C       0
                text175                            2B02     2B02       50        C       0
                text174                           1D404    1D404      1E2     8000       0
                text173                            3044     3044       38        C       0
                text172                            35DE     35DE        4     1971       0
                text171                            1BE8     1BE8       82        C       0
                text170                            24B2     24B2       64        C       0
                text169                            1C6A     1C6A       7A        C       0
                text168                            1B64     1B64       84        C       0
                text167                           1F4A2    1F4A2       FE     8000       0
                text166                             DB0      DB0       BC        C       0
                text165                             CF4      CF4       BC        C       0
                text164                           1F070    1F070      124     8000       0
                text163                           16A86    16A86      4F4     8000       0
                text162                           18ABE    18ABE      3CA     8000       0
                text161                            257A     257A       62        C       0
                text160                            33B8     33B8       20     1971       0
                text159                            34F0     34F0       18     1971       0
                text158                            33F6     33F6       1E     1971       0
                text157                           17448    17448      4CC     8000       0
                text156                             AAE      AAE       C4        C       0
                text155                           1AA20    1AA20      324     8000       0
                text154                            25DC     25DC       60        C       0
                text153                            1D5C     1D5C       78        C       0
                text152                             920      920       C8        C       0
                text151                            3534     3534       14     1971       0
                text150                           18E88    18E88      3C2     8000       0
                text149                            3376     3376       22     1971       0
                text148                            3212     3212       2C        C       0
                text147                           1A062    1A062      36E     8000       0
                text146                            1DD4     1DD4       76        C       0
                text145                            35AE     35AE        A     1971       0
                text144                            35D8     35D8        6     1971       0
                text143                            35D2     35D2        6     1971       0
                text142                           1BBE0    1BBE0      2A6     8000       0
                text141                            3120     3120       36        C       0
                text140                           127D0    127D0      A6C     8000       0
                text139                           1AD44    1AD44      31A     8000       0
                text138                            1EBE     1EBE       72        C       0
                text137                            30EA     30EA       36        C       0
                text136                           1435E    1435E      7CE     8000       0
                text135                           1D5E6    1D5E6      1CE     8000       0
                text134                            31B6     31B6       2E        C       0
                text133                            2C8E     2C8E       4E        C       0
                text132                           1869A    1869A      424     8000       0
                text131                           1C38A    1C38A      23E     8000       0
                text130                            3468     3468       1C     1971       0
                text129                            3268     3268       2A        C       0
                text128                            2AB0     2AB0       52        C       0
                text127                            2906     2906       58        C       0
                text126                            359E     359E       10     1971       0
                text125                            2C40     2C40       4E        C       0
                text124                            28AE     28AE       58        C       0
                text123                            2BF2     2BF2       4E        C       0
                text122                            2A5C     2A5C       54        C       0
                text121                            1484     1484       A2        C       0
                text120                            2F8C     2F8C       3E        C       0
                text119                            1A5A     1A5A       86        C       0
                text118                            344C     344C       1C     1971       0
                text117                           1FB66    1FB66       EE     FD3C       0
                text116                            2856     2856       58        C       0
                text115                            1F30     1F30       70        C       0
                text114                            27FE     27FE       58        C       0
                text113                            13E0     13E0       A4        C       0
                text112                             45E      45E       CE        C       0
                text111                            27A6     27A6       58        C       0
                text110                           1B672    1B672      2BA     8000       0
                text109                             858      858       C8        C       0
                text108                           1EF4A    1EF4A      126     8000       0
                text107                            358E     358E       10     1971       0
                text106                            1526     1526       9E        C       0
                text105                            33D8     33D8       1E     1971       0
                text104                            237C     237C       6A        C       0
                text103                            1AE0     1AE0       84        C       0
                text102                             6C4      6C4       CA        C       0
                text101                            26F4     26F4       5A        C       0
                text100                           1B05E    1B05E      312     8000       0
                text99                            1A3D0    1A3D0      32C     8000       0
                text98                             3430     3430       1C     1971       0
                text97                            1FC54    1FC54       EA     FD3C       0
                text96                             34D6     34D6       1A     1971       0
                text95                             182A     182A       92        C       0
                text94                            1F890    1F890       F4     8000       0
                text93                            1B370    1B370      302     8000       0
                text92                            1DCFA    1DCFA      194     8000       0
                text91                            19CF0    19CF0      372     8000       0
                text90                            1FF0E    1FF0E       E8     FD3C       0
                text89                             3398     3398       20     1971       0
                text88                            1FE26    1FE26       E8     FD3C       0
                text87                             2236     2236       6E        C       0
                text86                            1E83E    1E83E      134     8000       0
                text85                            10000    10000      DAC     8000       0
                text84                            152A8    152A8      6E6     8000       0
                text83                            17DD4    17DD4      49C     8000       0
                text82                             23E6     23E6       66        C       0
                text81                              F20      F20       B4        C       0
                text80                             357E     357E       10     1971       0
                text79                            1FFF6    1FFF6        2     FD3C       0
                text78                               2A       2A       DE        C       0
                text77                            1FD3E    1FD3E       E8     FD3C       0
                text76                            1E5BA    1E5BA      14C     8000       0
                text75                              FD4      FD4       B0        C       0
                text74                             2F4E     2F4E       3E        C       0
                text73                             19D4     19D4       86        C       0
                text72                            16F7A    16F7A      4CE     8000       0
                text71                            1D220    1D220      1E4     8000       0
                text70                            1B92C    1B92C      2B4     8000       0
                text69                             16FC     16FC       9C        C       0
                text68                             1660     1660       9C        C       0
                text67                             2312     2312       6A        C       0
                text66                             1798     1798       92        C       0
                text65                            1DB46    1DB46      1B4     8000       0
                text64                            1BE86    1BE86      28E     8000       0
                text63                             356C     356C       12     1971       0
                text62                             30B4     30B4       36        C       0
                text61                            1F69E    1F69E       FC     8000       0
                text60                             355A     355A       12     1971       0
                text59                             2F10     2F10       3E        C       0
                text58                             11E2     11E2       AA        C       0
                text57                             2E00     2E00       46        C       0
                text56                             274E     274E       58        C       0
                text55                            1CA0E    1CA0E      218     8000       0
                text54                            1CE38    1CE38      202     8000       0
                text53                            1598E    1598E      5CA     8000       0
                text52                            1FA78    1FA78       EE     FD3C       0
                text51                            10DAC    10DAC      D6C     8000       0
                text50                             1134     1134       AE        C       0
                text49                            1E020    1E020      17C     8000       0
                text48                             34BC     34BC       1A     1971       0
                text47                             2D70     2D70       4A        C       0
                text46                             15C4     15C4       9C        C       0
                text45                            1E19C    1E19C      16C     8000       0
                text44                            1EAA4    1EAA4      12E     8000       0
                text43                            1E972    1E972      132     8000       0
                text42                              E6C      E6C       B4        C       0
                text41                             323E     323E       2A        C       0
                text40                             194C     194C       88        C       0
                text39                              C36      C36       BE        C       0
                text38                            1D03A    1D03A      1E6     8000       0
                text37                             3186     3186       30        C       0
                text36                             1CE4     1CE4       78        C       0
                text35                             3156     3156       30        C       0
                text34                            1C7F6    1C7F6      218     8000       0
                text33                            1ECFA    1ECFA      128     8000       0
                text32                            1323C    1323C      8B4     8000       0
                text31                             3352     3352       24     1971       0
                text30                              9E8      9E8       C6        C       0
                text29                            195E4    195E4      38C     8000       0
                text28                            19970    19970      380     8000       0
                text27                             332E     332E       24     1971       0
                text26                             3548     3548       12     1971       0
                text25                            14B2C    14B2C      77C     8000       0
                text24                             3414     3414       1C     1971       0
                text23                             2DBA     2DBA       46        C       0
                text22                            1A6FC    1A6FC      324     8000       0
                text21                            1D980    1D980      1C6     8000       0
                text20                            1C114    1C114      276     8000       0
                text19                            1651A    1651A      56C     8000       0
                text18                            13AF0    13AF0      86E     8000       0
                text17                              38E      38E       D0        C       0
                text16                            1E308    1E308      15C     8000       0
                text15                              5FA      5FA       CA        C       0
                text14                             2A08     2A08       54        C       0
                text13                             2D26     2D26       4A        C       0
                text12                              1E2      1E2       D8        C       0
                text11                             29B4     29B4       54        C       0
                text10                             21C8     21C8       6E        C       0
                text9                             1EBD2    1EBD2      128     8000       0
                text8                              215A     215A       6E        C       0
                text7                             1C5C8    1C5C8      22E     8000       0
                text6                              20EC     20EC       6E        C       0
                text5                              207E     207E       6E        C       0
                text4                              2010     2010       6E        C       0
                text3                              2CDC     2CDC       4A        C       0
                text2                              269A     269A       5A        C       0
                text1                              32E2     32E2       26     1971       0
                text0                             1E706    1E706      138     8000       0
                cstackCOMRAM                          1        1       4E        1       1
                cstackBANK0                          60       60       A0       60       1
                cstackBANK1                         100      100      100      100       1
                cstackBANK2                         200      200      100      200       1
                cstackBANK3                         300      300       9F      300       1
                cstackBANK5                         5E5      5E5        D      500       1
                bssBIGRAM                           C00      C00      16B      C00       1
                bssBANK11                           B00      B00      100      B00       1
                dataBANK10                          A00      A00       F3      A00       1
                bssBANK9                            900      900       80      900       1
                dataBANK8                           800      800       90      800       1
                bssBANK7                            700      700       F2      700       1
                bssBANK6                            600      600       A9      600       1
                bssBANK5                            500      500       E5      500       1
                dataBANK4                           4D0      4D0       27      400       1
                bssBANK4                            400      400       D0      400       1
                dataBANK3                           3FA      3FA        3      300       1
                bssBANK3                            39F      39F       5B      300       1
                bssCOMRAM                            4F       4F        8        1       1
                cinit                             1F29A    1F29A      104     8000       0
                idataBANK10                       1F984    1F984       F3     8000       0
                idataBANK8                         18BC     18BC       90        C       0
                idataBANK4                         32BA     32BA       27        C       0
                idataBANK3                         35E2     35E2        3     1971       0

TOTAL           Name                               Link     Load   Length     Space
        CLASS   CODE           
                intcodelo                            18       18        E         0
                intcode                               8        8        6         0
                init                                 26       26        4         0
                reset_vec                             0        0        4         0
                text226                            35EA     35EA        2         0
                text225                            22A4     22A4       6E         0
                text224                            3008     3008       3C         0
                text223                            31E4     31E4       2E         0
                text222                            35B8     35B8        A         0
                text221                            35E8     35E8        2         0
                text220                            1FA0     1FA0       70         0
                intcode_body                        108      108       DA         0
                text217                            34A0     34A0       1C         0
                text216                            3484     3484       1C         0
                text215                            35CA     35CA        8         0
                text214                            35C2     35C2        8         0
                text213                            2FCA     2FCA       3E         0
                text212                            351E     351E       16         0
                text211                             2BA      2BA       D4         0
                text210                            35E6     35E6        2         0
                text209                             B72      B72       C4         0
                text208                            1084     1084       B0         0
                text207                            2ED0     2ED0       40         0
                text206                            3508     3508       16         0
                text205                             78E      78E       CA         0
                text204                            2E8C     2E8C       44         0
                text203                            1336     1336       AA         0
                text202                           1D7B4    1D7B4      1CC         0
                text201                           1924A    1924A      39A         0
                text200                            128C     128C       AA         0
                text199                           1F39E    1F39E      104         0
                text198                           18270    18270      42A         0
                text197                            307C     307C       38         0
                text196                           17914    17914      4C0         0
                text195                            2E46     2E46       46         0
                text194                           1F194    1F194      106         0
                text193                           1F5A0    1F5A0       FE         0
                text192                           1CC26    1CC26      212         0
                text191                            244C     244C       66         0
                text190                            2BA2     2BA2       50         0
                text189                            263C     263C       5E         0
                text188                           11B18    11B18      CB8         0
                text187                            3308     3308       26         0
                text186                             52C      52C       CE         0
                text185                            2B52     2B52       50         0
                text184                           1DE8E    1DE8E      192         0
                text183                           1F79A    1F79A       F6         0
                text182                            1E4A     1E4A       74         0
                text181                            2516     2516       64         0
                text180                           1EE22    1EE22      128         0
                text179                           1E464    1E464      156         0
                text178                           15F58    15F58      5C2         0
                text177                            295E     295E       56         0
                text176                            3292     3292       28         0
                text175                            2B02     2B02       50         0
                text174                           1D404    1D404      1E2         0
                text173                            3044     3044       38         0
                text172                            35DE     35DE        4         0
                text171                            1BE8     1BE8       82         0
                text170                            24B2     24B2       64         0
                text169                            1C6A     1C6A       7A         0
                text168                            1B64     1B64       84         0
                text167                           1F4A2    1F4A2       FE         0
                text166                             DB0      DB0       BC         0
                text165                             CF4      CF4       BC         0
                text164                           1F070    1F070      124         0
                text163                           16A86    16A86      4F4         0
                text162                           18ABE    18ABE      3CA         0
                text161                            257A     257A       62         0
                text160                            33B8     33B8       20         0
                text159                            34F0     34F0       18         0
                text158                            33F6     33F6       1E         0
                text157                           17448    17448      4CC         0
                text156                             AAE      AAE       C4         0
                text155                           1AA20    1AA20      324         0
                text154                            25DC     25DC       60         0
                text153                            1D5C     1D5C       78         0
                text152                             920      920       C8         0
                text151                            3534     3534       14         0
                text150                           18E88    18E88      3C2         0
                text149                            3376     3376       22         0
                text148                            3212     3212       2C         0
                text147                           1A062    1A062      36E         0
                text146                            1DD4     1DD4       76         0
                text145                            35AE     35AE        A         0
                text144                            35D8     35D8        6         0
                text143                            35D2     35D2        6         0
                text142                           1BBE0    1BBE0      2A6         0
                text141                            3120     3120       36         0
                text140                           127D0    127D0      A6C         0
                text139                           1AD44    1AD44      31A         0
                text138                            1EBE     1EBE       72         0
                text137                            30EA     30EA       36         0
                text136                           1435E    1435E      7CE         0
                text135                           1D5E6    1D5E6      1CE         0
                text134                            31B6     31B6       2E         0
                text133                            2C8E     2C8E       4E         0
                text132                           1869A    1869A      424         0
                text131                           1C38A    1C38A      23E         0
                text130                            3468     3468       1C         0
                text129                            3268     3268       2A         0
                text128                            2AB0     2AB0       52         0
                text127                            2906     2906       58         0
                text126                            359E     359E       10         0
                text125                            2C40     2C40       4E         0
                text124                            28AE     28AE       58         0
                text123                            2BF2     2BF2       4E         0
                text122                            2A5C     2A5C       54         0
                text121                            1484     1484       A2         0
                text120                            2F8C     2F8C       3E         0
                text119                            1A5A     1A5A       86         0
                text118                            344C     344C       1C         0
                text117                           1FB66    1FB66       EE         0
                text116                            2856     2856       58         0
                text115                            1F30     1F30       70         0
                text114                            27FE     27FE       58         0
                text113                            13E0     13E0       A4         0
                text112                             45E      45E       CE         0
                text111                            27A6     27A6       58         0
                text110                           1B672    1B672      2BA         0
                text109                             858      858       C8         0
                text108                           1EF4A    1EF4A      126         0
                text107                            358E     358E       10         0
                text106                            1526     1526       9E         0
                text105                            33D8     33D8       1E         0
                text104                            237C     237C       6A         0
                text103                            1AE0     1AE0       84         0
                text102                             6C4      6C4       CA         0
                text101                            26F4     26F4       5A         0
                text100                           1B05E    1B05E      312         0
                text99                            1A3D0    1A3D0      32C         0
                text98                             3430     3430       1C         0
                text97                            1FC54    1FC54       EA         0
                text96                             34D6     34D6       1A         0
                text95                             182A     182A       92         0
                text94                            1F890    1F890       F4         0
                text93                            1B370    1B370      302         0
                text92                            1DCFA    1DCFA      194         0
                text91                            19CF0    19CF0      372         0
                text90                            1FF0E    1FF0E       E8         0
                text89                             3398     3398       20         0
                text88                            1FE26    1FE26       E8         0
                text87                             2236     2236       6E         0
                text86                            1E83E    1E83E      134         0
                text85                            10000    10000      DAC         0
                text84                            152A8    152A8      6E6         0
                text83                            17DD4    17DD4      49C         0
                text82                             23E6     23E6       66         0
                text81                              F20      F20       B4         0
                text80                             357E     357E       10         0
                text79                            1FFF6    1FFF6        2         0
                text78                               2A       2A       DE         0
                text77                            1FD3E    1FD3E       E8         0
                text76                            1E5BA    1E5BA      14C         0
                text75                              FD4      FD4       B0         0
                text74                             2F4E     2F4E       3E         0
                text73                             19D4     19D4       86         0
                text72                            16F7A    16F7A      4CE         0
                text71                            1D220    1D220      1E4         0
                text70                            1B92C    1B92C      2B4         0
                text69                             16FC     16FC       9C         0
                text68                             1660     1660       9C         0
                text67                             2312     2312       6A         0
                text66                             1798     1798       92         0
                text65                            1DB46    1DB46      1B4         0
                text64                            1BE86    1BE86      28E         0
                text63                             356C     356C       12         0
                text62                             30B4     30B4       36         0
                text61                            1F69E    1F69E       FC         0
                text60                             355A     355A       12         0
                text59                             2F10     2F10       3E         0
                text58                             11E2     11E2       AA         0
                text57                             2E00     2E00       46         0
                text56                             274E     274E       58         0
                text55                            1CA0E    1CA0E      218         0
                text54                            1CE38    1CE38      202         0
                text53                            1598E    1598E      5CA         0
                text52                            1FA78    1FA78       EE         0
                text51                            10DAC    10DAC      D6C         0
                text50                             1134     1134       AE         0
                text49                            1E020    1E020      17C         0
                text48                             34BC     34BC       1A         0
                text47                             2D70     2D70       4A         0
                text46                             15C4     15C4       9C         0
                text45                            1E19C    1E19C      16C         0
                text44                            1EAA4    1EAA4      12E         0
                text43                            1E972    1E972      132         0
                text42                              E6C      E6C       B4         0
                text41                             323E     323E       2A         0
                text40                             194C     194C       88         0
                text39                              C36      C36       BE         0
                text38                            1D03A    1D03A      1E6         0
                text37                             3186     3186       30         0
                text36                             1CE4     1CE4       78         0
                text35                             3156     3156       30         0
                text34                            1C7F6    1C7F6      218         0
                text33                            1ECFA    1ECFA      128         0
                text32                            1323C    1323C      8B4         0
                text31                             3352     3352       24         0
                text30                              9E8      9E8       C6         0
                text29                            195E4    195E4      38C         0
                text28                            19970    19970      380         0
                text27                             332E     332E       24         0
                text26                             3548     3548       12         0
                text25                            14B2C    14B2C      77C         0
                text24                             3414     3414       1C         0
                text23                             2DBA     2DBA       46         0
                text22                            1A6FC    1A6FC      324         0
                text21                            1D980    1D980      1C6         0
                text20                            1C114    1C114      276         0
                text19                            1651A    1651A      56C         0
                text18                            13AF0    13AF0      86E         0
                text17                              38E      38E       D0         0
                text16                            1E308    1E308      15C         0
                text15                              5FA      5FA       CA         0
                text14                             2A08     2A08       54         0
                text13                             2D26     2D26       4A         0
                text12                              1E2      1E2       D8         0
                text11                             29B4     29B4       54         0
                text10                             21C8     21C8       6E         0
                text9                             1EBD2    1EBD2      128         0
                text8                              215A     215A       6E         0
                text7                             1C5C8    1C5C8      22E         0
                text6                              20EC     20EC       6E         0
                text5                              207E     207E       6E         0
                text4                              2010     2010       6E         0
                text3                              2CDC     2CDC       4A         0
                text2                              269A     269A       5A         0
                text1                              32E2     32E2       26         0
                text0                             1E706    1E706      138         0
                cinit                             1F29A    1F29A      104         0
                idataBANK10                       1F984    1F984       F3         0
                idataBANK8                         18BC     18BC       90         0
                idataBANK4                         32BA     32BA       27         0
                idataBANK3                         35E2     35E2        3         0

        CLASS   CONST          

        CLASS   SMALLCONST     

        CLASS   MEDIUMCONST    
                mediumconst                        E0CC     E0CC     1F34         0

        CLASS   COMRAM         
                temp                                 57       57        1         1
                cstackCOMRAM                          1        1       4E         1
                bssCOMRAM                            4F       4F        8         1

        CLASS   ABS1           

        CLASS   BIGRAM         
                bssBIGRAM                           C00      C00      16B         1

        CLASS   RAM            

        CLASS   BANK0          
                cstackBANK0                          60       60       A0         1

        CLASS   BANK1          
                cstackBANK1                         100      100      100         1

        CLASS   BANK2          
                cstackBANK2                         200      200      100         1

        CLASS   BANK3          
                cstackBANK3                         300      300       9F         1
                dataBANK3                           3FA      3FA        3         1
                bssBANK3                            39F      39F       5B         1

        CLASS   BANK4          
                dataBANK4                           4D0      4D0       27         1
                bssBANK4                            400      400       D0         1

        CLASS   BANK5          
                cstackBANK5                         5E5      5E5        D         1
                bssBANK5                            500      500       E5         1

        CLASS   BANK6          
                bssBANK6                            600      600       A9         1

        CLASS   BANK7          
                bssBANK7                            700      700       F2         1

        CLASS   BANK8          
                dataBANK8                           800      800       90         1

        CLASS   BANK9          
                bssBANK9                            900      900       80         1

        CLASS   BANK10         
                dataBANK10                          A00      A00       F3         1

        CLASS   BANK11         
                bssBANK11                           B00      B00      100         1

        CLASS   BANK12         

        CLASS   BANK13         

        CLASS   BANK14         

        CLASS   SFR            

        CLASS   BIGSFR         

        CLASS   CONFIG         
                config                            1FFF8    1FFF8        8         4

        CLASS   FARRAM         

        CLASS   HEAP           

        CLASS   STACK          

        CLASS   IDLOC          



SEGMENTS        Name                           Load    Length   Top    Selector   Space  Class

                reset_vec                      000000  000004  000004         0       0  CODE    
                cstackCOMRAM                   000001  000057  000058         1       1  COMRAM  
                intcode                        000008  000006  00000E         4       0  CODE    
                intcodelo                      000018  0032C9  0032E1         C       0  CODE    
                cstackBANK0                    000060  0000A0  000100        60       1  BANK0   
                cstackBANK1                    000100  000100  000200       100       1  BANK1   
                cstackBANK2                    000200  000100  000300       200       1  BANK2   
                cstackBANK3                    000300  0000FD  0003FD       300       1  BANK3   
                bssBANK4                       000400  0000F7  0004F7       400       1  BANK4   
                bssBANK5                       000500  0000F2  0005F2       500       1  BANK5   
                bssBANK6                       000600  0000A9  0006A9       600       1  BANK6   
                bssBANK7                       000700  0000F2  0007F2       700       1  BANK7   
                dataBANK8                      000800  000090  000890       800       1  BANK8   
                bssBANK9                       000900  000080  000980       900       1  BANK9   
                dataBANK10                     000A00  0000F3  000AF3       A00       1  BANK10  
                bssBANK11                      000B00  000100  000C00       B00       1  BANK11  
                bssBIGRAM                      000C00  00016B  000D6B       C00       1  BIGRAM  
                text1                          0032E2  000303  0035E5      1971       0  CODE    
                text210                        0035E6  000006  0035EC      1AF3       0  CODE    
                mediumconst                    00E0CC  001F34  010000      7066       0  MEDIUMCO
                text85                         010000  00FA77  01FA77      8000       0  CODE    
                text52                         01FA78  000580  01FFF8      FD3C       0  CODE    


UNUSED ADDRESS RANGES

        Name                Unused          Largest block    Delta
        BANK10           00AF3-00AFF               D
        BANK13           00D6B-00DFF              95
        BANK14           00E00-00EAF              B0
        BANK3            003FD-003FF               3
        BANK4            004F7-004FF               9
        BANK5            005F2-005FF               E
        BANK6            006A9-006FF              57
        BANK7            007F2-007FF               E
        BANK8            00890-008FF              70
        BANK9            00980-009FF              80
        BIGRAM           00058-0005F               8
                         003FD-003FF               3
                         004F7-004FF               9
                         005F2-005FF               E
                         006A9-006FF              57
                         007F2-007FF               E
                         00890-008FF              70
                         00980-009FF              80
                         00AF3-00AFF               D
                         00D6B-00EAF             145
        BIGSFR           00EB0-00FFF             150
        CODE             00004-00007               4
                         0000E-00017               A
                         032E1-032E1               1
                         035E5-035E5               1
                         035EC-0E0CB            AAE0
                         1FA77-1FA77               1
        COMRAM           00058-0005F               8
        CONST            00004-00007               4
                         0000E-00017               A
                         032E1-032E1               1
                         035E5-035E5               1
                         035EC-0E0CB            AAE0
                         1FA77-1FA77               1
        MEDIUMCONST      032E1-032E1               1
                         035E5-035E5               1
                         035EC-0E0CB            AAE0
                         1FA77-1FA77               1
        RAM              003FD-003FF               3
                         004F7-004FF               9
                         005F2-005FF               E
                         006A9-006FF              57
                         007F2-007FF               E
                         00890-008FF              70
                         00980-009FF              80
                         00AF3-00AFF               D
                         00D6B-00EAF              95
        SFR              00EB0-00FFF              60
        SMALLCONST       032E1-032E1               1
                         035E5-035E5               1
                         035EC-0E0CB             100
                         1FA77-1FA77               1

                                  Symbol Table

?_Get_Timer                                                                              cstackCOMRAM  0000F
?_Get_end_test_pt                                                                        cstackCOMRAM  00009
?_Set_Timer                                                                              cstackCOMRAM  00009
?_VL53L0X_calc_macro_period_ps                                                           cstackCOMRAM  00015
?_VL53L0X_calc_timeout_mclks                                                             cstackCOMRAM  00025
?_VL53L0X_calc_timeout_us                                                                cstackCOMRAM  00025
?_VL53L0X_decode_timeout                                                                 cstackCOMRAM  00009
?_VL53L0X_encode_timeout                                                                 cstackCOMRAM  00009
?_VL53L0X_isqrt                                                                          cstackCOMRAM  00022
?_VL53L0X_read_byte                                                                      cstackBANK0   000CF
?_VL53L0X_read_dword                                                                     cstackBANK0   000DB
?_VL53L0X_read_multi                                                                     cstackBANK0   000CF
?_VL53L0X_read_word                                                                      cstackBANK0   000DB
?_VL53L0X_write_byte                                                                     cstackBANK0   000CF
?_VL53L0X_write_multi                                                                    cstackBANK0   000CF
?_VL53L0X_write_word                                                                     cstackBANK0   000CF
?___awdiv                                                                                cstackCOMRAM  00009
?___awmod                                                                                cstackCOMRAM  00009
?___fladd                                                                                cstackCOMRAM  00009
?___fldiv                                                                                cstackCOMRAM  00017
?___flmul                                                                                cstackCOMRAM  00009
?___flneg                                                                                cstackCOMRAM  00009
?___flsub                                                                                cstackCOMRAM  00022
?___fltol                                                                                cstackCOMRAM  00009
?___fpclassifyf                                                                          cstackCOMRAM  00009
?___lldiv                                                                                cstackCOMRAM  00015
?___llmod                                                                                cstackCOMRAM  00009
?___lmul                                                                                 cstackCOMRAM  00009
?___lwdiv                                                                                cstackCOMRAM  0000F
?___lwmod                                                                                cstackCOMRAM  00009
?___wmul                                                                                 cstackCOMRAM  00009
?___xxtofl                                                                               cstackCOMRAM  00009
?_abs                                                                                    cstackCOMRAM  00022
?_floorf                                                                                 cstackCOMRAM  00030
?_get_rtc_msec                                                                           cstackCOMRAM  00009
?_getch                                                                                  cstackCOMRAM  00009
?_i2c_readMulti                                                                          cstackBANK0   000C2
?_i2c_writeMulti                                                                         cstackBANK0   000C2
?_isprint                                                                                cstackCOMRAM  00009
?_labs                                                                                   cstackCOMRAM  00009
?_printf                                                                                 cstackBANK0   000AA
?_read_prec_or_width                                                                     cstackCOMRAM  0000F
?_sprintf                                                                                cstackBANK0   000AA
?_strcmp                                                                                 cstackCOMRAM  0000F
?_strlen                                                                                 cstackCOMRAM  00009
?_strncmp                                                                                cstackCOMRAM  00009
?_vfprintf                                                                               cstackBANK0   000A2
Check_Message@c                                                                          cstackBANK0   000C7
Check_Message@end                                                                        cstackBANK0   000CC
Check_Message@flg                                                                        cstackBANK0   000C9
Check_Message@i                                                                          cstackBANK0   000D1
Check_Message@j                                                                          cstackBANK0   000CA
Check_Message@num                                                                        cstackBANK0   000BE
Check_Message@src                                                                        cstackBANK0   000C0
Check_Message@start                                                                      cstackBANK0   000CE
Check_Message@status                                                                     cstackBANK0   000D0
DispLogData@i                                                                            cstackBANK0   000C2
DispLogData@rpt                                                                          cstackBANK0   000CA
DispMenue@i                                                                              cstackBANK0   000C4
DispMenue@type                                                                           cstackBANK0   000C5
Get_Timer@rtn                                                                            cstackCOMRAM  00012
Get_Timer@sel                                                                            cstackCOMRAM  0000F
Get_command_chksum@dt                                                                    cstackCOMRAM  0000A
Get_command_chksum@end                                                                   cstackCOMRAM  00009
Get_command_chksum@i                                                                     cstackCOMRAM  0000E
Get_command_chksum@start                                                                 cstackCOMRAM  0000C
Get_command_chksum@sum                                                                   cstackCOMRAM  0000D
Get_end_test_pt@buf                                                                      cstackCOMRAM  0000B
Get_end_test_pt@i                                                                        cstackCOMRAM  00012
Get_end_test_pt@num                                                                      cstackCOMRAM  00009
Get_end_test_pt@rtn                                                                      cstackCOMRAM  00010
Get_rcv_data@dt                                                                          cstackCOMRAM  00009
Init_Timer@i                                                                             cstackCOMRAM  00009
Rel_Timer@sel                                                                            cstackCOMRAM  0000F
Rtc_Read@dt                                                                              cstackCOMRAM  0000D
Rtc_Read@rtc                                                                             cstackCOMRAM  0000B
Send_RS485@i                                                                             cstackCOMRAM  0000C
Send_RS485@msg                                                                           cstackCOMRAM  00009
Send_RS485@num                                                                           cstackCOMRAM  0000B
SetLogData@dt1                                                                           cstackCOMRAM  00011
SetLogData@dt2                                                                           cstackCOMRAM  00012
SetLogData@dt3                                                                           cstackCOMRAM  00013
SetLogData@dt4                                                                           cstackCOMRAM  00014
SetLogData@i                                                                             cstackCOMRAM  00018
SetLogData@string                                                                        cstackCOMRAM  0000F
SetLogData@type                                                                          cstackCOMRAM  00017
SetSubStringData@cpt                                                                     cstackCOMRAM  00016
SetSubStringData@dpt                                                                     cstackCOMRAM  00018
SetSubStringData@i                                                                       cstackCOMRAM  0001E
SetSubStringData@keta                                                                    cstackCOMRAM  0001C
SetSubStringData@num                                                                     cstackCOMRAM  0001B
Set_Timer@dt                                                                             cstackCOMRAM  00009
Set_Timer@i                                                                              cstackCOMRAM  0000D
Set_Timer@rtn                                                                            cstackCOMRAM  0000B
Set_UasrtBauRaite@dt                                                                     cstackCOMRAM  00009
Set_rcv_data@dt                                                                          cstackCOMRAM  00001
T100msecMainTask@rtc                                                                     cstackBANK0   000F0
T100msecMainTask@string                                                                  cstackBANK0   000BE
VL53L0X_CheckAndLoadInterruptSettings@Dev                                                cstackBANK1   00110
VL53L0X_CheckAndLoadInterruptSettings@InterruptConfig                                    cstackBANK1   00113
VL53L0X_CheckAndLoadInterruptSettings@StartNotStopFlag                                   cstackBANK1   00112
VL53L0X_CheckAndLoadInterruptSettings@Status                                             cstackBANK1   0011C
VL53L0X_CheckAndLoadInterruptSettings@ThresholdHigh                                      cstackBANK1   00118
VL53L0X_CheckAndLoadInterruptSettings@ThresholdLow                                       cstackBANK1   00114
VL53L0X_ClearInterruptMask@Byte                                                          cstackBANK0   000EF
VL53L0X_ClearInterruptMask@Dev                                                           cstackBANK0   000E7
VL53L0X_ClearInterruptMask@InterruptMask                                                 cstackBANK0   000E9
VL53L0X_ClearInterruptMask@LoopCount                                                     cstackBANK0   000ED
VL53L0X_ClearInterruptMask@Status                                                        cstackBANK0   000EE
VL53L0X_DataInit@CurrentParameters                                                       cstackBANK1   00165
VL53L0X_DataInit@Dev                                                                     cstackBANK1   0015F
VL53L0X_DataInit@Status                                                                  cstackBANK1   00164
VL53L0X_DataInit@StopVariable                                                            cstackBANK1   00163
VL53L0X_DataInit@i                                                                       cstackBANK1   00161
VL53L0X_GetDeviceInfo@Dev                                                                cstackBANK1   00169
VL53L0X_GetDeviceInfo@Status                                                             cstackCOMRAM  0004E
VL53L0X_GetDeviceInfo@pVL53L0X_DeviceInfo                                                cstackBANK1   0016B
VL53L0X_GetDeviceMode@Dev                                                                cstackCOMRAM  00009
VL53L0X_GetDeviceMode@pDeviceMode                                                        cstackCOMRAM  0000B
VL53L0X_GetDeviceParameters@Dev                                                          cstackBANK1   00150
VL53L0X_GetDeviceParameters@Status                                                       cstackBANK1   0015E
VL53L0X_GetDeviceParameters@i                                                            cstackBANK1   0015C
VL53L0X_GetDeviceParameters@pDeviceParameters                                            cstackBANK1   00152
VL53L0X_GetFractionEnable@Dev                                                            cstackBANK0   000E7
VL53L0X_GetFractionEnable@Status                                                         cstackCOMRAM  0004E
VL53L0X_GetFractionEnable@pEnabled                                                       cstackBANK0   000E9
VL53L0X_GetInterMeasurementPeriodMilliSeconds@Dev                                        cstackBANK1   0010B
VL53L0X_GetInterMeasurementPeriodMilliSeconds@IMPeriodMilliSeconds                       cstackBANK1   0010F
VL53L0X_GetInterMeasurementPeriodMilliSeconds@Status                                     cstackBANK1   00115
VL53L0X_GetInterMeasurementPeriodMilliSeconds@osc_calibrate_val                          cstackBANK1   00113
VL53L0X_GetInterMeasurementPeriodMilliSeconds@pInterMeasurementPeriodMilliSeconds        cstackBANK1   0010D
VL53L0X_GetInterruptMaskStatus@Byte                                                      cstackBANK0   000F1
VL53L0X_GetInterruptMaskStatus@Dev                                                       cstackBANK0   000E7
VL53L0X_GetInterruptMaskStatus@Status                                                    cstackBANK0   000F0
VL53L0X_GetInterruptMaskStatus@pInterruptMaskStatus                                      cstackBANK0   000E9
VL53L0X_GetInterruptThresholds@Dev                                                       cstackBANK0   000F3
VL53L0X_GetInterruptThresholds@DeviceMode                                                cstackBANK0   000F5
VL53L0X_GetInterruptThresholds@Status                                                    cstackBANK1   00100
VL53L0X_GetInterruptThresholds@Threshold16                                               cstackBANK1   00101
VL53L0X_GetInterruptThresholds@pThresholdHigh                                            cstackBANK0   000F8
VL53L0X_GetInterruptThresholds@pThresholdLow                                             cstackBANK0   000F6
VL53L0X_GetLimitCheckCurrent@Dev                                                         cstackCOMRAM  00009
VL53L0X_GetLimitCheckCurrent@LastRangeDataBuffer                                         cstackCOMRAM  00011
VL53L0X_GetLimitCheckCurrent@LimitCheckId                                                cstackCOMRAM  0000B
VL53L0X_GetLimitCheckCurrent@pLimitCheckCurrent                                          cstackCOMRAM  0000D
VL53L0X_GetLimitCheckEnable@Dev                                                          cstackCOMRAM  00009
VL53L0X_GetLimitCheckEnable@LimitCheckId                                                 cstackCOMRAM  0000B
VL53L0X_GetLimitCheckEnable@Status                                                       cstackCOMRAM  00012
VL53L0X_GetLimitCheckEnable@Temp8                                                        cstackCOMRAM  00011
VL53L0X_GetLimitCheckEnable@pLimitCheckEnable                                            cstackCOMRAM  0000D
VL53L0X_GetLimitCheckValue@Dev                                                           cstackBANK0   000F3
VL53L0X_GetLimitCheckValue@EnableZeroValue                                               cstackBANK1   00100
VL53L0X_GetLimitCheckValue@LimitCheckId                                                  cstackBANK0   000F5
VL53L0X_GetLimitCheckValue@Status                                                        cstackBANK1   00103
VL53L0X_GetLimitCheckValue@Temp16                                                        cstackBANK1   00101
VL53L0X_GetLimitCheckValue@TempFix1616                                                   cstackBANK1   00104
VL53L0X_GetLimitCheckValue@pLimitCheckValue                                              cstackBANK0   000F7
VL53L0X_GetMeasurementDataReady@Dev                                                      cstackBANK0   000F2
VL53L0X_GetMeasurementDataReady@InterruptConfig                                          cstackBANK0   000F6
VL53L0X_GetMeasurementDataReady@InterruptMask                                            cstackBANK0   000F7
VL53L0X_GetMeasurementDataReady@Status                                                   cstackBANK0   000FB
VL53L0X_GetMeasurementDataReady@SysRangeStatusRegister                                   cstackBANK0   000FC
VL53L0X_GetMeasurementDataReady@pMeasurementDataReady                                    cstackBANK0   000F4
VL53L0X_GetMeasurementTimingBudgetMicroSeconds@Dev                                       cstackBANK1   0014C
VL53L0X_GetMeasurementTimingBudgetMicroSeconds@Status                                    cstackBANK0   000FE
VL53L0X_GetMeasurementTimingBudgetMicroSeconds@pMeasurementTimingBudgetMicroSeconds      cstackBANK1   0014E
VL53L0X_GetOffsetCalibrationDataMicroMeter@Dev                                           cstackBANK0   000FB
VL53L0X_GetOffsetCalibrationDataMicroMeter@Status                                        cstackCOMRAM  0004E
VL53L0X_GetOffsetCalibrationDataMicroMeter@pOffsetCalibrationDataMicroMeter              cstackBANK0   000FD
VL53L0X_GetPalErrorString@PalErrorCode                                                   cstackCOMRAM  0001A
VL53L0X_GetPalErrorString@pPalErrorString                                                cstackCOMRAM  00018
VL53L0X_GetRangeStatusString@RangeStatus                                                 cstackCOMRAM  0001A
VL53L0X_GetRangeStatusString@pRangeStatusString                                          cstackCOMRAM  00018
VL53L0X_GetRangingMeasurementData@AmbientRate                                            cstackBANK2   00252
VL53L0X_GetRangingMeasurementData@Dev                                                    cstackBANK2   0023A
VL53L0X_GetRangingMeasurementData@DeviceRangeStatus                                      cstackBANK2   00254
VL53L0X_GetRangingMeasurementData@EffectiveSpadRtnCount                                  cstackBANK2   0025D
VL53L0X_GetRangingMeasurementData@LastRangeDataBuffer                                    cstackBANK2   00267
VL53L0X_GetRangingMeasurementData@LinearityCorrectiveGain                                cstackBANK2   0025A
VL53L0X_GetRangingMeasurementData@PalRangeStatus                                         cstackBANK2   00266
VL53L0X_GetRangingMeasurementData@RangeFractionalEnable                                  cstackBANK2   0025C
VL53L0X_GetRangingMeasurementData@SignalRate                                             cstackBANK2   00260
VL53L0X_GetRangingMeasurementData@Status                                                 cstackBANK2   0025F
VL53L0X_GetRangingMeasurementData@XTalkCompensationEnable                                cstackBANK2   00255
VL53L0X_GetRangingMeasurementData@XTalkCompensationRateMegaCps                           cstackBANK2   00258
VL53L0X_GetRangingMeasurementData@XtalkRangeMilliMeter                                   cstackBANK2   00256
VL53L0X_GetRangingMeasurementData@localBuffer                                            cstackBANK2   00246
VL53L0X_GetRangingMeasurementData@pRangingMeasurementData                                cstackBANK2   0023C
VL53L0X_GetRangingMeasurementData@tmpuint16                                              cstackBANK2   00264
VL53L0X_GetSequenceStepEnables@Dev                                                       cstackBANK0   000E7
VL53L0X_GetSequenceStepEnables@SequenceConfig                                            cstackBANK0   000EC
VL53L0X_GetSequenceStepEnables@Status                                                    cstackBANK0   000EB
VL53L0X_GetSequenceStepEnables@pSchedulerSequenceSteps                                   cstackBANK0   000E9
VL53L0X_GetStopCompletedStatus@Byte                                                      cstackBANK0   000EF
VL53L0X_GetStopCompletedStatus@Dev                                                       cstackBANK0   000E7
VL53L0X_GetStopCompletedStatus@Status                                                    cstackBANK0   000F0
VL53L0X_GetStopCompletedStatus@pStopStatus                                               cstackBANK0   000E9
VL53L0X_GetVcselPulsePeriod@Dev                                                          cstackBANK0   000F0
VL53L0X_GetVcselPulsePeriod@Status                                                       cstackCOMRAM  0004E
VL53L0X_GetVcselPulsePeriod@VcselPeriodType                                              cstackBANK0   000F2
VL53L0X_GetVcselPulsePeriod@pVCSELPulsePeriodPCLK                                        cstackBANK0   000F3
VL53L0X_GetVersion@pVersion                                                              cstackCOMRAM  00009
VL53L0X_GetWrapAroundCheckEnable@Dev                                                     cstackBANK0   000E7
VL53L0X_GetWrapAroundCheckEnable@Status                                                  cstackBANK0   000EB
VL53L0X_GetWrapAroundCheckEnable@data                                                    cstackBANK0   000EC
VL53L0X_GetWrapAroundCheckEnable@pWrapAroundCheckEnable                                  cstackBANK0   000E9
VL53L0X_GetXTalkCompensationEnable@Dev                                                   cstackCOMRAM  00009
VL53L0X_GetXTalkCompensationEnable@Temp8                                                 cstackCOMRAM  0000D
VL53L0X_GetXTalkCompensationEnable@pXTalkCompensationEnable                              cstackCOMRAM  0000B
VL53L0X_GetXTalkCompensationRateMegaCps@Dev                                              cstackBANK0   000F3
VL53L0X_GetXTalkCompensationRateMegaCps@Status                                           cstackBANK0   000F9
VL53L0X_GetXTalkCompensationRateMegaCps@TempFix1616                                      cstackBANK0   000FA
VL53L0X_GetXTalkCompensationRateMegaCps@Value                                            cstackBANK0   000FE
VL53L0X_GetXTalkCompensationRateMegaCps@pXTalkCompensationRateMegaCps                    cstackBANK0   000F5
VL53L0X_PerformRefCalibration@Dev                                                        cstackBANK1   0011D
VL53L0X_PerformRefCalibration@Status                                                     cstackBANK1   00123
VL53L0X_PerformRefCalibration@pPhaseCal                                                  cstackBANK1   00121
VL53L0X_PerformRefCalibration@pVhvSettings                                               cstackBANK1   0011F
VL53L0X_PerformRefSpadManagement@Dev                                                     cstackBANK2   002EA
VL53L0X_PerformRefSpadManagement@Status                                                  cstackBANK1   001FF
VL53L0X_PerformRefSpadManagement@isApertureSpads                                         cstackBANK2   002EE
VL53L0X_PerformRefSpadManagement@refSpadCount                                            cstackBANK2   002EC
VL53L0X_PerformSingleMeasurement@Dev                                                     cstackBANK1   00129
VL53L0X_PerformSingleMeasurement@DeviceMode                                              cstackBANK1   0012B
VL53L0X_PerformSingleMeasurement@Status                                                  cstackBANK1   0012C
VL53L0X_PerformSingleRangingMeasurement@Dev                                              cstackBANK2   00280
VL53L0X_PerformSingleRangingMeasurement@Status                                           cstackBANK1   001FE
VL53L0X_PerformSingleRangingMeasurement@pRangingMeasurementData                          cstackBANK2   00282
VL53L0X_PollingDelay@Dev                                                                 cstackCOMRAM  0000E
VL53L0X_RdByte@Dev                                                                       cstackBANK0   000DC
VL53L0X_RdByte@Status                                                                    cstackBANK0   000E6
VL53L0X_RdByte@data                                                                      cstackBANK0   000DF
VL53L0X_RdByte@deviceAddress                                                             cstackBANK0   000E5
VL53L0X_RdByte@index                                                                     cstackBANK0   000DE
VL53L0X_RdByte@status_int                                                                cstackBANK0   000E1
[...]
xtoa@d                                                                                   cstackCOMRAM  00027
xtoa@fp                                                                                  cstackCOMRAM  00025
xtoa@i                                                                                   cstackCOMRAM  00032
xtoa@p                                                                                   cstackCOMRAM  0002E
xtoa@w                                                                                   cstackCOMRAM  00030


MODULE INFORMATION

Module		Function		Class		Link	Load	Size
C:\Program Files\Microchip\xc8\v2.41\pic\sources\c99\common\isprint.c
		_isprint       		CODE           	3212	0000	44

C:\Program Files\Microchip\xc8\v2.41\pic\sources\c99\common\isprint.c estimated size: 44

C:\Program Files\Microchip\xc8\v2.41\pic\sources\c99\common\__fpclassifyf.c
		___fpclassifyf 		CODE           	1F5A0	0000	254

C:\Program Files\Microchip\xc8\v2.41\pic\sources\c99\common\__fpclassifyf.c estimated size: 254

C:\Program Files\Microchip\xc8\v2.41\pic\sources\c99\common\awmod.c
		___awmod       		CODE           	1084	0000	176

C:\Program Files\Microchip\xc8\v2.41\pic\sources\c99\common\awmod.c estimated size: 176

vl53/core/vl53l0x_api_calibration.c
		_VL53L0X_perform_ref_spad_management		CODE           	1323C	0000	2228
		_get_next_good_spad		CODE           	1D03A	0000	486
		_VL53L0X_ref_calibration_io		CODE           	1E19C	0000	364
		_get_ref_spad_map		CODE           	3186	0000	48
		_set_ref_spad_map		CODE           	3156	0000	48
		_VL53L0X_set_reference_spads		CODE           	1C114	0000	630
		_VL53L0X_get_offset_calibration_data_micro_meter		CODE           	1FC54	0000	234
		_enable_spad_bit		CODE           	0C36	0000	190
		_VL53L0X_perform_phase_calibration		CODE           	1EAA4	0000	302
		_perform_ref_signal_measurement		CODE           	1ECFA	0000	296
		_VL53L0X_perform_vhv_calibration		CODE           	1E972	0000	306
		_is_aperture   		CODE           	1CE4	0000	120
		_VL53L0X_perform_single_ref_calibration		CODE           	15C4	0000	156
		_VL53L0X_perform_ref_calibration		CODE           	0E6C	0000	180
		_enable_ref_spads		CODE           	1C7F6	0000	536

vl53/core/vl53l0x_api_calibration.c estimated size: 6124

C:\Program Files\Microchip\xc8\v2.41\pic\sources\c99\common\floorf.c
		_floorf        		CODE           	1CC26	0000	530

C:\Program Files\Microchip\xc8\v2.41\pic\sources\c99\common\floorf.c estimated size: 530

C:\Program Files\Microchip\xc8\v2.41\pic\sources\c99\common\flge.c
		___flge        		CODE           	1F39E	0000	260

C:\Program Files\Microchip\xc8\v2.41\pic\sources\c99\common\flge.c estimated size: 260

C:\Program Files\Microchip\xc8\v2.41\pic\sources\c99\common\llmod.c
		___llmod       		CODE           	194C	0000	136

C:\Program Files\Microchip\xc8\v2.41\pic\sources\c99\common\llmod.c estimated size: 136

C:\Program Files\Microchip\xc8\v2.41\pic\sources\c99\common\Umul32.c
		___lmul        		CODE           	237C	0000	106

C:\Program Files\Microchip\xc8\v2.41\pic\sources\c99\common\Umul32.c estimated size: 106

vl53/core/vl53l0x_api_core.c
		_VL53L0X_calc_timeout_mclks		CODE           	1FF0E	0000	232
		_get_sequence_step_timeout		CODE           	1B05E	0000	786
		_VL53L0X_load_tuning_settings		CODE           	16F7A	0000	1230
		_VL53L0X_decode_vcsel_period		CODE           	358E	0000	16
		_VL53L0X_encode_vcsel_period		CODE           	3548	0000	18
		_VL53L0X_get_total_signal_rate		CODE           	2236	0000	110
		_set_sequence_step_timeout		CODE           	195E4	0000	908
		_VL53L0X_device_read_strobe		CODE           	1FA78	0000	238
		_VL53L0X_get_total_xtalk_rate		CODE           	1FE26	0000	232
		_VL53L0X_calc_sigma_estimate		CODE           	10000	0000	3500
		_VL53L0X_get_info_from_device		CODE           	10DAC	0000	3436
		_VL53L0X_get_vcsel_pulse_period		CODE           	1526	0000	158
		_VL53L0X_set_vcsel_pulse_period		CODE           	14B2C	0000	1916
		_VL53L0X_isqrt 		CODE           	1E83E	0000	308
		_VL53L0X_get_pal_range_status		CODE           	152A8	0000	1766
		_VL53L0X_get_measurement_timing_budget_micro_seconds		CODE           	1A3D0	0000	812
		_VL53L0X_set_measurement_timing_budget_micro_seconds		CODE           	19970	0000	896
		_get_dmax_lut_points		CODE           	1DCFA	0000	404
		_VL53L0X_calc_macro_period_ps		CODE           	1AE0	0000	132
		_VL53L0X_calc_timeout_us		CODE           	06C4	0000	202
		_VL53L0X_calc_dmax		CODE           	19CF0	0000	882
		_VL53L0X_measurement_poll_for_completion		CODE           	16FC	0000	156
		_VL53L0X_decode_timeout		CODE           	26F4	0000	90
		_VL53L0X_encode_timeout		CODE           	09E8	0000	198

vl53/core/vl53l0x_api_core.c estimated size: 18626

C:\Program Files\Microchip\xc8\v2.41\pic\sources\c99\common\fltol.c
		___fltol       		CODE           	1F194	0000	262

C:\Program Files\Microchip\xc8\v2.41\pic\sources\c99\common\fltol.c estimated size: 262

vl53/core/vl53l0x_api.c
		_VL53L0X_SetGpioConfig		CODE           	1A6FC	0000	804
		_VL53L0X_GetInterruptThresholds		CODE           	0FD4	0000	176
		_VL53L0X_GetStopCompletedStatus		CODE           	1E308	0000	348
		_VL53L0X_StaticInit		CODE           	1651A	0000	1388
		_VL53L0X_GetInterMeasurementPeriodMilliSeconds		CODE           	045E	0000	206
		_VL53L0X_GetVersion		CODE           	2D70	0000	74
		_VL53L0X_GetLimitCheckValue		CODE           	1B672	0000	698
		_VL53L0X_SetLimitCheckValue		CODE           	1CE38	0000	514
		_VL53L0X_GetInterruptMaskStatus		CODE           	23E6	0000	102
		_VL53L0X_PerformRefSpadManagement		CODE           	3352	0000	36
		_VL53L0X_GetOffsetCalibrationDataMicroMeter		CODE           	34D6	0000	26
		_VL53L0X_PerformSingleMeasurement		CODE           	1660	0000	156
		_VL53L0X_PerformRefCalibration		CODE           	323E	0000	42
		_VL53L0X_SetSequenceStepEnable		CODE           	1D980	0000	454
		_VL53L0X_ClearInterruptMask		CODE           	1484	0000	162
		_VL53L0X_GetLimitCheckEnable		CODE           	27A6	0000	88
		_VL53L0X_SetLimitCheckEnable		CODE           	1CA0E	0000	536
		_VL53L0X_GetWrapAroundCheckEnable		CODE           	182A	0000	146
		_VL53L0X_GetXTalkCompensationRateMegaCps		CODE           	1F890	0000	244
		_VL53L0X_GetSequenceStepEnables		CODE           	1EF4A	0000	294
		_VL53L0X_GetLimitCheckCurrent		CODE           	1E5BA	0000	332
		_VL53L0X_GetFractionEnable		CODE           	2DBA	0000	70
		_sequence_step_enabled		CODE           	0858	0000	200
		_VL53L0X_GetPalErrorString		CODE           	356C	0000	18
		_VL53L0X_PerformSingleRangingMeasurement		CODE           	1798	0000	146
		_VL53L0X_GetMeasurementDataReady		CODE           	0F20	0000	180
		_VL53L0X_DataInit		CODE           	1598E	0000	1482
		_VL53L0X_GetXTalkCompensationEnable		CODE           	3398	0000	32
		_VL53L0X_CheckAndLoadInterruptSettings		CODE           	1D220	0000	484
		_VL53L0X_GetDeviceInfo		CODE           	34BC	0000	26
		_VL53L0X_GetRangingMeasurementData		CODE           	17DD4	0000	1180
		_VL53L0X_GetVcselPulsePeriod		CODE           	33D8	0000	30
		_VL53L0X_SetVcselPulsePeriod		CODE           	3414	0000	28
		_VL53L0X_GetRangeStatusString		CODE           	355A	0000	18
		_VL53L0X_GetMeasurementTimingBudgetMicroSeconds		CODE           	3430	0000	28
		_VL53L0X_SetMeasurementTimingBudgetMicroSeconds		CODE           	332E	0000	36
		_VL53L0X_StartMeasurement		CODE           	1B92C	0000	692
		_VL53L0X_GetDeviceParameters		CODE           	1B370	0000	770
		_VL53L0X_StopMeasurement		CODE           	038E	0000	208
		_VL53L0X_GetDeviceMode		CODE           	344C	0000	28
		_VL53L0X_SetDeviceMode		CODE           	2312	0000	106

vl53/core/vl53l0x_api.c estimated size: 12588

C:\Program Files\Microchip\xc8\v2.41\pic\sources\c99\common\xxtofl.c
		___xxtofl      		CODE           	1DB46	0000	436

C:\Program Files\Microchip\xc8\v2.41\pic\sources\c99\common\xxtofl.c estimated size: 436

C:\Program Files\Microchip\xc8\v2.41\pic\sources\c99\common\__lldiv.c
		___lldiv       		CODE           	13E0	0000	164

C:\Program Files\Microchip\xc8\v2.41\pic\sources\c99\common\__lldiv.c estimated size: 164

C:\Program Files\Microchip\xc8\v2.41\pic\sources\c99\common\strlen.c
		_strlen        		CODE           	2B52	0000	80

C:\Program Files\Microchip\xc8\v2.41\pic\sources\c99\common\strlen.c estimated size: 80

C:\Program Files\Microchip\xc8\v2.41\pic\sources\c99\common\nf_fputc.c
		_fputc         		CODE           	078E	0000	202

C:\Program Files\Microchip\xc8\v2.41\pic\sources\c99\common\nf_fputc.c estimated size: 202

vl53/core/vl53l0x_api_strings.c
		_VL53L0X_get_range_status_string		CODE           	1F69E	0000	252
		_VL53L0X_get_device_info		CODE           	1E020	0000	380
		_VL53L0X_check_part_used		CODE           	1134	0000	174
		_VL53L0X_get_pal_error_string		CODE           	1BE86	0000	654

vl53/core/vl53l0x_api_strings.c estimated size: 1460

C:\Program Files\Microchip\xc8\v2.41\pic\sources\c99\common\strcmp.c
		_strcmp        		CODE           	1D5C	0000	120

C:\Program Files\Microchip\xc8\v2.41\pic\sources\c99\common\strcmp.c estimated size: 120

C:\Program Files\Microchip\xc8\v2.41\pic\sources\c99\common\strcpy.c
		_strcpy        		CODE           	263C	0000	94

C:\Program Files\Microchip\xc8\v2.41\pic\sources\c99\common\strcpy.c estimated size: 94

C:\Program Files\Microchip\xc8\v2.41\pic\sources\c99\common\nf_sprintf.c
		_sprintf       		CODE           	2B02	0000	80

C:\Program Files\Microchip\xc8\v2.41\pic\sources\c99\common\nf_sprintf.c estimated size: 80

C:\Program Files\Microchip\xc8\v2.41\pic\sources\c99\common\sprcadd.c
		___flsub       		CODE           	2E46	0000	70
		___fladd       		CODE           	17914	0000	1216

C:\Program Files\Microchip\xc8\v2.41\pic\sources\c99\common\sprcadd.c estimated size: 1286

C:\Program Files\Microchip\xc8\v2.41\pic\sources\c99\common\lwdiv.c
		___lwdiv       		CODE           	1E4A	0000	116

C:\Program Files\Microchip\xc8\v2.41\pic\sources\c99\common\lwdiv.c estimated size: 116

C:\Program Files\Microchip\xc8\v2.41\pic\sources\c99\common\awdiv.c
		___awdiv       		CODE           	0B72	0000	196

C:\Program Files\Microchip\xc8\v2.41\pic\sources\c99\common\awdiv.c estimated size: 196

C:\Program Files\Microchip\xc8\v2.41\pic\sources\c99\common\abs.c
		_abs           		CODE           	2ED0	0000	64

C:\Program Files\Microchip\xc8\v2.41\pic\sources\c99\common\abs.c estimated size: 64

C:\Program Files\Microchip\xc8\v2.41\pic\sources\c99\common\doprnt.c
		_read_prec_or_width		CODE           	052C	0000	206
		_vfpfcnvrt     		CODE           	15F58	0000	1474
		_efgtoa        		CODE           	11B18	0000	3256
		_pad           		CODE           	1336	0000	170
		_dtoa          		CODE           	1D7B4	0000	460
		_vfprintf      		CODE           	295E	0000	86
		_stoa          		CODE           	1DE8E	0000	402
		_utoa          		CODE           	1EE22	0000	296
		_xtoa          		CODE           	1E464	0000	342

C:\Program Files\Microchip\xc8\v2.41\pic\sources\c99\common\doprnt.c estimated size: 6692

C:\Program Files\Microchip\xc8\v2.41\pic\sources\c99\common\flneg.c
		___flneg       		CODE           	307C	0000	56

C:\Program Files\Microchip\xc8\v2.41\pic\sources\c99\common\flneg.c estimated size: 56

C:\Program Files\Microchip\xc8\v2.41\pic\sources\c99\common\fleq.c
		___fleq        		CODE           	128C	0000	170

C:\Program Files\Microchip\xc8\v2.41\pic\sources\c99\common\fleq.c estimated size: 170

shared
		_InterruptThresholdSettings		MEDIUMCONST    	E1DF	0000	438
		_message_end_text		MEDIUMCONST    	E1C1	0000	8
		_com_start_text		MEDIUMCONST    	E1D1	0000	8
		_com_list      		MEDIUMCONST    	E4C1	0000	121
		_com           		MEDIUMCONST    	E195	0000	44
		_res_start_text		MEDIUMCONST    	E1C9	0000	8
		__initialization		CODE           	1F29A	0000	250
		_i2c_list      		MEDIUMCONST    	E0CD	0000	200
		_Deb_menue00   		MEDIUMCONST    	E395	0000	300
		_Deb_menue01   		MEDIUMCONST    	E53A	0000	120
		_MenueList     		MEDIUMCONST    	E1D9	0000	6

shared estimated size: 1503

rtc_main.c
		_get_rtc_sec   		CODE           	35D8	0000	6
		_get_rtc_msec  		CODE           	35AE	0000	10
		_get_rtc_usec  		CODE           	35D2	0000	6
		_Rtc_Read      		CODE           	02BA	0000	212
		_bcd2bin       		CODE           	351E	0000	22
		_rtc_disp_log  		CODE           	1DD4	0000	118
		_rtc_data_init 		CODE           	3468	0000	28

rtc_main.c estimated size: 402

C:\Program Files\Microchip\xc8\v2.41\pic\sources\c99\common\memcpy.c
		_memcpy        		CODE           	2BA2	0000	80

C:\Program Files\Microchip\xc8\v2.41\pic\sources\c99\common\memcpy.c estimated size: 80

vl53/platform/vl53l0x_platform.c
		_VL53L0X_WriteMulti		CODE           	19D4	0000	134
		_VL53L0X_PollingDelay		CODE           	357E	0000	16
		_VL53L0X_RdWord		CODE           	27FE	0000	88
		_VL53L0X_WrWord		CODE           	274E	0000	88
		_VL53L0X_RdByte		CODE           	28AE	0000	88
		_VL53L0X_WrByte		CODE           	2A5C	0000	84
		_VL53L0X_ReadMulti		CODE           	1A5A	0000	134
		_VL53L0X_UpdateByte		CODE           	11E2	0000	170
		_VL53L0X_RdDWord		CODE           	2856	0000	88

vl53/platform/vl53l0x_platform.c estimated size: 890

vl53_st_main.c
		_VL53_StartSingle		CODE           	215A	0000	110
		_vl53_main_task		CODE           	269A	0000	90
		_vl53_LogDisp  		CODE           	1FFF6	0000	2
		_VL53_StartSingleHA		CODE           	20EC	0000	110
		_VL53_StopConti		CODE           	01E2	0000	216
		_WaitStopCompleted		CODE           	05FA	0000	202
		_VL53_MsrConti 		CODE           	1EBD2	0000	296
		_vl53l0x_Racing_init		CODE           	13AF0	0000	2158
		_VL53_MsrSingle		CODE           	1C5C8	0000	558
		_VL53_StopSingle		CODE           	29B4	0000	84
		_WaitMeasurementDataReady		CODE           	002A	0000	222
		_VL53_StartConti		CODE           	21C8	0000	110
		_vl53_task_init		CODE           	32E2	0000	38
		_VL53_StartSingleHS		CODE           	207E	0000	110
		_print_range_status		CODE           	2F10	0000	62
		_VL53_StartSingleLR		CODE           	2010	0000	110
		_VL53_DataReq  		CODE           	2CDC	0000	74
		_VL53_nop      		CODE           	2A08	0000	84
		_vl53data_disp 		CODE           	127D0	0000	2668
		_set_MsrData   		CODE           	1FD3E	0000	232
		_print_pal_error		CODE           	30B4	0000	54
		_VL53_Stop     		CODE           	2D26	0000	74

vl53_st_main.c estimated size: 7664

C:\Program Files\Microchip\xc8\v2.41\pic\sources\c99\common\Umul16.c
		___wmul        		CODE           	3308	0000	38

C:\Program Files\Microchip\xc8\v2.41\pic\sources\c99\common\Umul16.c estimated size: 38

vl53/platform/vl53l0x_i2c_platform.c
		_VL53L0X_write_byte		CODE           	2BF2	0000	78
		_VL53L0X_read_multi		CODE           	2F8C	0000	62
		_VL53L0X_read_word		CODE           	1F30	0000	112
		_VL53L0X_read_byte		CODE           	2C40	0000	78
		_VL53L0X_write_multi		CODE           	2F4E	0000	62
		_VL53L0X_read_dword		CODE           	1FB66	0000	238
		_VL53L0X_write_word		CODE           	2E00	0000	70

vl53/platform/vl53l0x_i2c_platform.c estimated size: 700

C:\Program Files\Microchip\xc8\v2.41\pic\sources\c99\common\nf_fputs.c
		_fputs         		CODE           	2E8C	0000	68

C:\Program Files\Microchip\xc8\v2.41\pic\sources\c99\common\nf_fputs.c estimated size: 68

debug_main.c
		_read_line_streem		CODE           	1A062	0000	878
		_uart_start_dispg		CODE           	359E	0000	16
		_get_log_onoff 		CODE           	35DE	0000	4
		_SetSubStringData		CODE           	18E88	0000	962
		_DispMenue     		CODE           	0AAE	0000	196
		_set_log_stop  		CODE           	3120	0000	54
		_log_init      		CODE           	3534	0000	20
		_main_loop_disp		CODE           	1EBE	0000	114
		_RegiDisp      		CODE           	1AA20	0000	804
		_input2menu    		CODE           	0920	0000	200
		_DispLogData   		CODE           	17448	0000	1228
		_SetLogData    		CODE           	1BBE0	0000	678
		_debug_main    		CODE           	1AD44	0000	794

debug_main.c estimated size: 5948

usr_rs485_main.c
		_rs485_com_task		CODE           	1869A	0000	1060
		_Get_rcv_data  		CODE           	31B6	0000	46
		_Check_Message 		CODE           	1435E	0000	1998
		_Send_RS485    		CODE           	2C8E	0000	78
		_Get_command_chksum		CODE           	30EA	0000	54
		_Set_rcv_data  		CODE           	31E4	0000	46
		_Get_end_test_pt		CODE           	1D5E6	0000	462
		_rs485_init    		CODE           	1C38A	0000	574

usr_rs485_main.c estimated size: 4318

i2c_main.c
		_i2c_start     		CODE           	0DB0	0000	188
		_i2c_test      		CODE           	257A	0000	98
		_i2c_write     		CODE           	1F070	0000	292
		_i2c_stop      		CODE           	0CF4	0000	188
		_interrupt_i2c_bcl		CODE           	35B8	0000	10
		_i2c_read      		CODE           	1F4A2	0000	254
		_i2c_CheckIdleWait		CODE           	1B64	0000	132
		_i2c_init      		CODE           	25DC	0000	96
		_i2c_writeMulti		CODE           	18ABE	0000	970
		_i2c_readMulti 		CODE           	16A86	0000	1268
		_interrupt_i2c_ssp		CODE           	35E8	0000	2

i2c_main.c estimated size: 3498

app_device_cdc_basic.c
		_print_usb     		CODE           	35E6	0000	2

app_device_cdc_basic.c estimated size: 2

C:\Program Files\Microchip\xc8\v2.41\pic\sources\c99\common\labs.c
		_labs          		CODE           	244C	0000	102

C:\Program Files\Microchip\xc8\v2.41\pic\sources\c99\common\labs.c estimated size: 102

main.c
		_T1secMainTask 		CODE           	33B8	0000	32
		_Timer0_init   		CODE           	34F0	0000	24
		_T100msecMainTask		CODE           	1D404	0000	482
		_main          		CODE           	1E706	0000	312
		_Timer1_init   		CODE           	33F6	0000	30
		_Wait          		CODE           	3044	0000	56

main.c estimated size: 936

uart_main.c
		_uart485_init  		CODE           	2AB0	0000	82
		_putch         		CODE           	3508	0000	22
		_uart_init     		CODE           	2906	0000	88
		_Set_UasrtBauRaite		CODE           	3268	0000	42
		_getch         		CODE           	3376	0000	34

uart_main.c estimated size: 268

C:\Program Files\Microchip\xc8\v2.41\pic\sources\c99\common\strncmp.c
		_strncmp       		CODE           	1F79A	0000	246

C:\Program Files\Microchip\xc8\v2.41\pic\sources\c99\common\strncmp.c estimated size: 246

C:\Program Files\Microchip\xc8\v2.41\pic\sources\c99\common\sprcmul.c
		___flmul       		CODE           	18270	0000	1066

C:\Program Files\Microchip\xc8\v2.41\pic\sources\c99\common\sprcmul.c estimated size: 1066

system.c
		_Interrupt_Timer0		CODE           	22A4	0000	110
		_Interrupt_Timer1		CODE           	3008	0000	60
		_ssCount_Timer 		CODE           	1FA0	0000	112
		_Init_Timer    		CODE           	2FCA	0000	62
		_Interrupt_RTC 		CODE           	35EA	0000	2
		_high_isr      		CODE           	0008	0000	224
		_Check1secTask 		CODE           	3484	0000	28
		_Clear100msTaskFlg		CODE           	35CA	0000	8
		_Check100msTask		CODE           	34A0	0000	28
		_Clear1secTaskFlg		CODE           	35C2	0000	8
		_Rel_Timer     		CODE           	24B2	0000	100
		_Get_Timer     		CODE           	1BE8	0000	130
		_Set_Timer     		CODE           	1C6A	0000	122
		_low_isr       		CODE           	0018	0000	14

system.c estimated size: 1008

C:\Program Files\Microchip\xc8\v2.41\pic\sources\c99\common\printf.c
		_printf        		CODE           	3292	0000	40

C:\Program Files\Microchip\xc8\v2.41\pic\sources\c99\common\printf.c estimated size: 40

C:\Program Files\Microchip\xc8\v2.41\pic\sources\c99\common\sprcdiv.c
		___fldiv       		CODE           	1924A	0000	922

C:\Program Files\Microchip\xc8\v2.41\pic\sources\c99\common\sprcdiv.c estimated size: 922

C:\Program Files\Microchip\xc8\v2.41\pic\sources\c99\common\lwmod.c
		___lwmod       		CODE           	2516	0000	100

C:\Program Files\Microchip\xc8\v2.41\pic\sources\c99\common\lwmod.c estimated size: 100

